 PSINS

 Timestamp is 6749370a (Fri Nov 29 11:37:46 2024)

 Preferred load address is 00400000

 Start         Length     Name                   Class
 0001:00000000 0005c528H .text                   CODE
 0001:0005c530 000006c3H .text$x                 CODE
 0002:00000000 00002700H .rdata                  DATA
 0002:00002700 0000017cH .rdata$r                DATA
 0002:00002880 00000910H .xdata$x                DATA
 0002:00003190 00000699H .edata                  DATA
 0003:00000000 00000004H .CRT$XCA                DATA
 0003:00000004 00000024H .CRT$XCU                DATA
 0003:00000028 00000004H .CRT$XCZ                DATA
 0003:0000002c 00000004H .CRT$XIA                DATA
 0003:00000030 00000010H .CRT$XIC                DATA
 0003:00000040 00000004H .CRT$XIY                DATA
 0003:00000044 00000004H .CRT$XIZ                DATA
 0003:00000048 00000004H .CRT$XPA                DATA
 0003:0000004c 00000004H .CRT$XPX                DATA
 0003:00000050 00000004H .CRT$XPZ                DATA
 0003:00000054 00000004H .CRT$XTA                DATA
 0003:00000058 00000004H .CRT$XTB                DATA
 0003:0000005c 00000004H .CRT$XTZ                DATA
 0003:00000060 00003fe4H .data                   DATA
 0003:00004050 00001ff9H .bss                    DATA
 0004:00000000 0000003cH .idata$2                DATA
 0004:0000003c 00000014H .idata$3                DATA
 0004:00000050 0000019cH .idata$4                DATA
 0004:000001ec 0000019cH .idata$5                DATA
 0004:00000388 00000722H .idata$6                DATA

  Address         Publics by Value              Rva+Base     Lib:Object

 0001:00000000       ??0CKFApp@@QAE@N@Z         00401000 f   KFApp.obj
 0001:00000060       ?Init@CKFApp@@UAEXABVCSINS@@H@Z 00401060 f   KFApp.obj
 0001:000004a0       ?RTOutput@CSINSTDKF@@UAEXXZ 004014a0 f i KFApp.obj
 0001:000004d0       ?Miscellanous@CSINSTDKF@@UAEXXZ 004014d0 f i KFApp.obj
 0001:00000500       ?SecretAttitude@CSINSTDKF@@UAEXXZ 00401500 f i KFApp.obj
 0001:00000530       ?SetMeas@CSINSGNSS@@UAEXXZ 00401530 f i KFApp.obj
 0001:00000560       _main                      00401560 f   Main_SinsGps.obj
 0001:000009f0       ??1CFileRdSr@@QAE@XZ       004019f0 f i Main_SinsGps.obj
 0001:00000a30       ?load@CFileRdSr@@QAEHH@Z   00401a30 f i Main_SinsGps.obj
 0001:00001000       ??0CGLV@@QAE@NNN@Z         00402000 f   PSINS.obj
 0001:00001320       ?toc@CGLV@@QAEHH@Z         00402320 f   PSINS.obj
 0001:00001390       ??1CGLV@@QAE@XZ            00402390 f   PSINS.obj
 0001:000013d0       ??0CVect3@@QAE@XZ          004023d0 f   PSINS.obj
 0001:00001400       ??0CVect3@@QAE@N@Z         00402400 f   PSINS.obj
 0001:00001460       ??0CVect3@@QAE@NNN@Z       00402460 f   PSINS.obj
 0001:000014c0       ??0CVect3@@QAE@PBN@Z       004024c0 f   PSINS.obj
 0001:00001530       ??0CVect3@@QAE@PBM@Z       00402530 f   PSINS.obj
 0001:00001590       ??0CVect3@@QAE@PBHN@Z      00402590 f   PSINS.obj
 0001:00001600       ?IsZero@@YAHABVCVect3@@N@Z 00402600 f   PSINS.obj
 0001:000016a0       ?IsZeroXY@@YAHABVCVect3@@N@Z 004026a0 f   PSINS.obj
 0001:00001720       ?IsNaN@@YAHABVCVect3@@@Z   00402720 f   PSINS.obj
 0001:00001750       ?IsRad@@YAHABVCVect3@@H@Z  00402750 f   PSINS.obj
 0001:000017d0       ?AccScale@@YANABVCVect3@@NN@Z 004027d0 f   PSINS.obj
 0001:00001820       ??HCVect3@@QBE?AV0@ABV0@@Z 00402820 f   PSINS.obj
 0001:000018a0       ??GCVect3@@QBE?AV0@ABV0@@Z 004028a0 f   PSINS.obj
 0001:00001920       ??DCVect3@@QBE?AV0@ABV0@@Z 00402920 f   PSINS.obj
 0001:000019d0       ??DCVect3@@QBE?AV0@N@Z     004029d0 f   PSINS.obj
 0001:00001a50       ??DCVect3@@QBE?AV0@ABVCMat3@@@Z 00402a50 f   PSINS.obj
 0001:00001b20       ??KCVect3@@QBE?AV0@N@Z     00402b20 f   PSINS.obj
 0001:00001ba0       ??KCVect3@@QBE?AV0@ABV0@@Z 00402ba0 f   PSINS.obj
 0001:00001c20       ??4CVect3@@QAEAAV0@N@Z     00402c20 f   PSINS.obj
 0001:00001c80       ??4CVect3@@QAEAAV0@PBN@Z   00402c80 f   PSINS.obj
 0001:00001cf0       ??YCVect3@@QAEAAV0@ABV0@@Z 00402cf0 f   PSINS.obj
 0001:00001d50       ??ZCVect3@@QAEAAV0@ABV0@@Z 00402d50 f   PSINS.obj
 0001:00001db0       ??XCVect3@@QAEAAV0@N@Z     00402db0 f   PSINS.obj
 0001:00001e10       ??_0CVect3@@QAEAAV0@N@Z    00402e10 f   PSINS.obj
 0001:00001e70       ??_0CVect3@@QAEAAV0@ABV0@@Z 00402e70 f   PSINS.obj
 0001:00001ed0       ??D@YA?AVCVect3@@NABV0@@Z  00402ed0 f   PSINS.obj
 0001:00001f40       ??G@YA?AVCVect3@@ABV0@@Z   00402f40 f   PSINS.obj
 0001:00001fb0       ??RCVect3@@QAEAANH@Z       00402fb0 f   PSINS.obj
 0001:00001fe0       ?crossXY@@YANABVCVect3@@0@Z 00402fe0 f   PSINS.obj
 0001:00002020       ?vxv@@YA?AVCMat3@@ABVCVect3@@0@Z 00403020 f   PSINS.obj
 0001:00002110       ?sqrt@@YA?AVCVect3@@ABV1@@Z 00403110 f   PSINS.obj
 0001:00002190       ?pow@@YA?AVCVect3@@ABV1@H@Z 00403190 f   PSINS.obj
 0001:00002210       ?abs@@YA?AVCVect3@@ABV1@@Z 00403210 f   PSINS.obj
 0001:00002300       ?absp@@YA?AVCVect3@@ABV1@@Z 00403300 f   PSINS.obj
 0001:00002380       ?absp@@YANN@Z              00403380 f i PSINS.obj
 0001:000023d0       ?maxabs@@YA?AVCVect3@@ABV1@0@Z 004033d0 f   PSINS.obj
 0001:000025d0       ?norm@@YANABVCVect3@@@Z    004035d0 f   PSINS.obj
 0001:00002630       ?normlize@@YANPAVCVect3@@@Z 00403630 f   PSINS.obj
 0001:000026a0       ?normInf@@YANABVCVect3@@@Z 004036a0 f   PSINS.obj
 0001:000027e0       ?normXY@@YANABVCVect3@@@Z  004037e0 f   PSINS.obj
 0001:00002830       ?normXYInf@@YANABVCVect3@@@Z 00403830 f   PSINS.obj
 0001:000028f0       ?dot@@YANABVCVect3@@0@Z    004038f0 f   PSINS.obj
 0001:00002940       ?dotmul@@YA?AVCVect3@@ABV1@0@Z 00403940 f   PSINS.obj
 0001:000029c0       ?dotdiv@@YA?AVCVect3@@ABV1@0@Z 004039c0 f   PSINS.obj
 0001:00002a40       ?rv2q@@YA?AVCQuat@@ABVCVect3@@@Z 00403a40 f   PSINS.obj
 0001:00002b90       ?rv2m@@YA?AVCMat3@@ABVCVect3@@@Z 00403b90 f   PSINS.obj
 0001:00002bf0       ?askew@@YA?AVCMat3@@ABVCVect3@@@Z 00403bf0 f   PSINS.obj
 0001:00002c90       ?pos2Cen@@YA?AVCMat3@@ABVCVect3@@@Z 00403c90 f   PSINS.obj
 0001:00002d90       ?pp2vn@@YA?AVCVect3@@ABV1@0NPAVCEarth@@@Z 00403d90 f   PSINS.obj
 0001:00002ee0       ?pp2att@@YA?AVCVect3@@ABV1@0@Z 00403ee0 f   PSINS.obj
 0001:00002f50       ?sinAng@@YANABVCVect3@@00@Z 00403f50 f   PSINS.obj
 0001:00003040       ?MagYaw@@YANABVCVect3@@0N@Z 00404040 f   PSINS.obj
 0001:00003130       ?xyz2blh@@YA?AVCVect3@@ABV1@@Z 00404130 f   PSINS.obj
 0001:000032f0       ?blh2xyz@@YA?AVCVect3@@ABV1@@Z 004042f0 f   PSINS.obj
 0001:00003400       ?Vxyz2enu@@YA?AVCVect3@@ABV1@0@Z 00404400 f   PSINS.obj
 0001:00003460       ?v2double@@YA?AVCVect3@@N@Z 00404460 f   PSINS.obj
 0001:00003530       ?v3double@@YA?AVCVect3@@N@Z 00404530 f   PSINS.obj
 0001:00003630       ?v5double@@YAXNAAVCVect3@@0@Z 00404630 f   PSINS.obj
 0001:00003720       ?v2flt@@YAXPAMPBVCVect3@@ZZ 00404720 f   PSINS.obj
 0001:000037b0       ?sort@@YA?AVCVect3@@ABV1@@Z 004047b0 f   PSINS.obj
 0001:00003880       ?median@@YANABN00@Z        00404880 f   PSINS.obj
 0001:000038e0       ?median@@YANABVCVect3@@@Z  004048e0 f   PSINS.obj
 0001:000039c0       ?dm2r@@YA?AVCVect3@@ABV1@H@Z 004049c0 f   PSINS.obj
 0001:00003a90       ?v3mmm@@YA?AVCVect3@@ABV1@00PAV1@H0@Z 00404a90 f   PSINS.obj
 0001:00003d10       ?fopp@@YA?AVCVect3@@ABV1@00@Z 00404d10 f   PSINS.obj
 0001:00003e10       ?fopp@@YA?AVCVect3@@ABV1@000@Z 00404e10 f   PSINS.obj
 0001:00003f60       ?tp2att@@YA?AVCVect3@@ABV1@00@Z 00404f60 f   PSINS.obj
 0001:000040f0       ?addw@@YA?AVCVect3@@ABV1@0NN@Z 004050f0 f   PSINS.obj
 0001:000041a0       ?attract@@YA?AVCVect3@@ABV1@00@Z 004051a0 f   PSINS.obj
 0001:00004300       ?ff2muxy@@YA?AVCVect3@@ABV1@0PBD1@Z 00405300 f   PSINS.obj
 0001:00004410       ?ff2mu@@YA?AVCVect3@@ABV1@0N@Z 00405410 f   PSINS.obj
 0001:00004510       ??0CQuat@@QAE@XZ           00405510 f   PSINS.obj
 0001:00004540       ??0CQuat@@QAE@NABVCVect3@@@Z 00405540 f   PSINS.obj
 0001:000045b0       ??0CQuat@@QAE@NNNN@Z       004055b0 f   PSINS.obj
 0001:00004620       ??0CQuat@@QAE@PBN@Z        00405620 f   PSINS.obj
 0001:000046b0       ??HCQuat@@QBE?AV0@ABVCVect3@@@Z 004056b0 f   PSINS.obj
 0001:00004740       ??GCQuat@@QBE?AV0@ABVCVect3@@@Z 00405740 f   PSINS.obj
 0001:000047c0       ??GCQuat@@QBE?AVCVect3@@ABV0@@Z 004057c0 f   PSINS.obj
 0001:00004900       ??DCQuat@@QBE?AV0@ABV0@@Z  00405900 f   PSINS.obj
 0001:00004a30       ??XCQuat@@QAEAAV0@ABV0@@Z  00405a30 f   PSINS.obj
 0001:00004a80       ??ZCQuat@@QAEAAV0@ABVCVect3@@@Z 00405a80 f   PSINS.obj
 0001:00004b00       ??S@YA?AVCQuat@@ABV0@@Z    00405b00 f   PSINS.obj
 0001:00004b80       ??DCQuat@@QBE?AVCVect3@@ABV1@@Z 00405b80 f   PSINS.obj
 0001:00004d10       ?SetYaw@CQuat@@QAEXN@Z     00405d10 f   PSINS.obj
 0001:00004d90       ?normlize@@YANPAVCQuat@@@Z 00405d90 f   PSINS.obj
 0001:00004e40       ?q2rv@@YA?AVCVect3@@ABVCQuat@@@Z 00405e40 f   PSINS.obj
 0001:00004f70       ?qq2phi@@YA?AVCVect3@@ABVCQuat@@0@Z 00405f70 f   PSINS.obj
 0001:00004fe0       ?addmu@@YA?AVCQuat@@ABV1@ABVCVect3@@@Z 00405fe0 f   PSINS.obj
 0001:00005040       ?UpDown@@YA?AVCQuat@@ABV1@@Z 00406040 f   PSINS.obj
 0001:000050d0       ??0CMat3@@QAE@XZ           004060d0 f   PSINS.obj
 0001:00005100       ??0CMat3@@QAE@N@Z          00406100 f   PSINS.obj
 0001:000051b0       ??0CMat3@@QAE@PBN@Z        004061b0 f   PSINS.obj
 0001:000052c0       ??0CMat3@@QAE@PBM@Z        004062c0 f   PSINS.obj
 0001:000053a0       ??0CMat3@@QAE@NNN@Z        004063a0 f   PSINS.obj
 0001:00005460       ??0CMat3@@QAE@NNNNNNNNN@Z  00406460 f   PSINS.obj
 0001:00005510       ??0CMat3@@QAE@ABVCVect3@@00H@Z 00406510 f   PSINS.obj
 0001:00005690       ?sv2att@@YA?AVCVect3@@ABV1@N0@Z 00406690 f   PSINS.obj
 0001:000057e0       ?dv2att@@YA?AVCVect3@@ABV1@000@Z 004067e0 f   PSINS.obj
 0001:00005a70       ?mv2att@@YA?AVCVect3@@HPBV1@0ZZ 00406a70 f   PSINS.obj
 0001:00005b70       ?vn2att@@YA?AVCVect3@@ABV1@@Z 00406b70 f   PSINS.obj
 0001:00005c30       ?atss@@YA?AVCVect3@@AAV1@0@Z 00406c30 f   PSINS.obj
 0001:00005d00       ??G@YA?AVCMat3@@ABV0@@Z    00406d00 f   PSINS.obj
 0001:00005dd0       ??S@YA?AVCMat3@@ABV0@@Z    00406dd0 f   PSINS.obj
 0001:00005e80       ??DCMat3@@QBE?AV0@ABV0@@Z  00406e80 f   PSINS.obj
 0001:00006050       ??HCMat3@@QBE?AV0@ABV0@@Z  00407050 f   PSINS.obj
 0001:00006130       ??YCMat3@@QAEAAV0@ABV0@@Z  00407130 f   PSINS.obj
 0001:00006200       ??HCMat3@@QBE?AV0@ABVCVect3@@@Z 00407200 f   PSINS.obj
 0001:00006270       ??YCMat3@@QAEAAV0@ABVCVect3@@@Z 00407270 f   PSINS.obj
 0001:000062d0       ??GCMat3@@QBE?AV0@ABV0@@Z  004072d0 f   PSINS.obj
 0001:000063b0       ??DCMat3@@QBE?AV0@N@Z      004073b0 f   PSINS.obj
 0001:00006490       ??RCMat3@@QAEAANHH@Z       00407490 f   PSINS.obj
 0001:000064d0       ?SetRow@CMat3@@QAEXHABVCVect3@@@Z 004074d0 f   PSINS.obj
 0001:00006540       ?SetClm@CMat3@@QAEXHABVCVect3@@@Z 00407540 f   PSINS.obj
 0001:000065b0       ?GetRow@CMat3@@QBE?AVCVect3@@H@Z 004075b0 f   PSINS.obj
 0001:00006630       ?GetClm@CMat3@@QBE?AVCVect3@@H@Z 00407630 f   PSINS.obj
 0001:000066b0       ?Rot@@YA?AVCMat3@@ND@Z     004076b0 f   PSINS.obj
 0001:00006830       ?rotz@@YA?AVCVect3@@ABV1@N@Z 00407830 f   PSINS.obj
 0001:000068e0       ?rcijk@@YA?AVCMat3@@ABV1@H@Z 004078e0 f   PSINS.obj
 0001:00006cc0       ?symmetry@@YAXAAVCMat3@@@Z 00407cc0 f   PSINS.obj
 0001:00006d60       ??D@YA?AVCMat3@@NABV0@@Z   00407d60 f   PSINS.obj
 0001:00006e30       ??DCMat3@@QBE?AVCVect3@@ABV1@@Z 00407e30 f   PSINS.obj
 0001:00006f00       ?dotmul@@YA?AVCMat3@@ABV1@0@Z 00407f00 f   PSINS.obj
 0001:00006fd0       ?det@@YANABVCMat3@@@Z      00407fd0 f   PSINS.obj
 0001:00007060       ?trace@@YANABVCMat3@@@Z    00408060 f   PSINS.obj
 0001:00007090       ?pow@@YA?AVCMat3@@ABV1@H@Z 00408090 f   PSINS.obj
 0001:00007120       ?a2qua@@YA?AVCQuat@@NNN@Z  00408120 f   PSINS.obj
 0001:00007260       ?a2qua@@YA?AVCQuat@@ABVCVect3@@@Z 00408260 f   PSINS.obj
 0001:000072d0       ?a2mat@@YA?AVCMat3@@ABVCVect3@@@Z 004082d0 f   PSINS.obj
 0001:00007420       ?ar2mat@@YA?AVCMat3@@ABVCVect3@@@Z 00408420 f   PSINS.obj
 0001:00007570       ?ar2qua@@YA?AVCQuat@@ABVCVect3@@@Z 00408570 f   PSINS.obj
 0001:000075d0       ?m2att@@YA?AVCVect3@@ABVCMat3@@@Z 004085d0 f   PSINS.obj
 0001:00007710       ?m2attr@@YA?AVCVect3@@ABVCMat3@@@Z 00408710 f   PSINS.obj
 0001:000077d0       ?q2attr@@YA?AVCVect3@@ABVCQuat@@@Z 004087d0 f   PSINS.obj
 0001:00007830       ?m2rv@@YA?AVCVect3@@ABVCMat3@@@Z 00408830 f   PSINS.obj
 0001:00007940       ?m2qua@@YA?AVCQuat@@ABVCMat3@@@Z 00408940 f   PSINS.obj
 0001:00007c10       ?q2att@@YA?AVCVect3@@ABVCQuat@@@Z 00408c10 f   PSINS.obj
 0001:00007d80       ?q2mat@@YA?AVCMat3@@ABVCQuat@@@Z 00408d80 f   PSINS.obj
 0001:00007ee0       ?Ka2Cba@@YA?AVCMat3@@ABV1@AAVCVect3@@@Z 00408ee0 f   PSINS.obj
 0001:00007fe0       ?Cba2Ka@@YA?AVCMat3@@ABV1@ABVCVect3@@@Z 00408fe0 f   PSINS.obj
 0001:00008080       ?Ka22Kpn@@YAXABVCVect3@@0AAV1@1@Z 00409080 f   PSINS.obj
 0001:00008140       ?Kpn2Ka2@@YAXABVCVect3@@0AAV1@1@Z 00409140 f   PSINS.obj
 0001:000081f0       ?KgMdf@@YAXAAVCMat3@@PBNH@Z 004091f0 f   PSINS.obj
 0001:00008570       ?KaMdf@@YAXAAVCMat3@@PBNH@Z 00409570 f   PSINS.obj
 0001:000087f0       ?adj@@YA?AVCMat3@@ABV1@@Z  004097f0 f   PSINS.obj
 0001:00008950       ?inv@@YA?AVCMat3@@ABV1@@Z  00409950 f   PSINS.obj
 0001:000089f0       ?diag@@YA?AVCVect3@@ABVCMat3@@@Z 004099f0 f   PSINS.obj
 0001:00008a50       ?diag@@YA?AVCMat3@@ABVCVect3@@@Z 00409a50 f   PSINS.obj
 0001:00008ae0       ?diag@@YA?AVCMat3@@NNN@Z   00409ae0 f   PSINS.obj
 0001:00008ba0       ?askew@@YA?AVCMat3@@ABV1@H@Z 00409ba0 f   PSINS.obj
 0001:00008cd0       ?MMT@@YA?AVCMat3@@ABV1@0@Z 00409cd0 f   PSINS.obj
 0001:00008e60       ?trMMT@@YANABVCMat3@@0@Z   00409e60 f   PSINS.obj
 0001:00008f20       ?norm@@YANABVCMat3@@@Z     00409f20 f   PSINS.obj
 0001:00008f70       ?sfoam@@YA?AVCMat3@@ABV1@H@Z 00409f70 f   PSINS.obj
 0001:00009680       ??0CMat@@QAE@XZ            0040a680 f   PSINS.obj
 0001:000096b0       ??0CMat@@QAE@HH@Z          0040a6b0 f   PSINS.obj
 0001:00009710       ??0CMat@@QAE@HHN@Z         0040a710 f   PSINS.obj
 0001:000097a0       ??0CMat@@QAA@HHNNZZ        0040a7a0 f   PSINS.obj
 0001:00009850       ??0CMat@@QAE@HHPBN@Z       0040a850 f   PSINS.obj
 0001:000098d0       ??0CMat@@QAA@HPBVCVect@@ZZ 0040a8d0 f   PSINS.obj
 0001:00009970       ?Reset@CMat@@QAEXHH@Z      0040a970 f   PSINS.obj
 0001:000099c0       ?Clear@CMat@@QAEXN@Z       0040a9c0 f   PSINS.obj
 0001:00009a30       ?ClearRow@CMat@@QAEXHN@Z   0040aa30 f   PSINS.obj
 0001:00009aa0       ?ClearClm@CMat@@QAEXHN@Z   0040aaa0 f   PSINS.obj
 0001:00009b10       ?ClearRC@CMat@@QAEXHHN@Z   0040ab10 f   PSINS.obj
 0001:00009b80       ??DCMat@@QBE?AV0@ABV0@@Z   0040ab80 f   PSINS.obj
 0001:00009d70       ??DCMat@@QBE?AV0@ABVCMat3@@@Z 0040ad70 f   PSINS.obj
 0001:00009e00       ??DCMat@@QBE?AVCVect@@ABV1@@Z 0040ae00 f   PSINS.obj
 0001:00009f50       ??HCMat@@QBE?AV0@ABV0@@Z   0040af50 f   PSINS.obj
 0001:0000a050       ??YCMat@@QAEAAV0@ABVCVect@@@Z 0040b050 f   PSINS.obj
 0001:0000a0e0       ??GCMat@@QBE?AV0@ABV0@@Z   0040b0e0 f   PSINS.obj
 0001:0000a1e0       ??DCMat@@QBE?AV0@N@Z       0040b1e0 f   PSINS.obj
 0001:0000a2c0       ??4CMat@@QAEAAV0@N@Z       0040b2c0 f   PSINS.obj
 0001:0000a330       ??YCMat@@QAEAAV0@ABV0@@Z   0040b330 f   PSINS.obj
 0001:0000a3b0       ??ZCMat@@QAEAAV0@ABV0@@Z   0040b3b0 f   PSINS.obj
 0001:0000a430       ??XCMat@@QAEAAV0@N@Z       0040b430 f   PSINS.obj
 0001:0000a4a0       ??ECMat@@QAEAAV0@XZ        0040b4a0 f   PSINS.obj
 0001:0000a520       ??S@YA?AVCMat@@ABV0@@Z     0040b520 f   PSINS.obj
 0001:0000a620       ?symmetry@@YAXAAVCMat@@@Z  0040b620 f   PSINS.obj
 0001:0000a710       ?trace@@YANABVCMat@@@Z     0040b710 f   PSINS.obj
 0001:0000a790       ?dotmul@@YA?AVCMat@@ABV1@0@Z 0040b790 f   PSINS.obj
 0001:0000a880       ??RCMat@@QAEAANHH@Z        0040b880 f   PSINS.obj
 0001:0000a8d0       ?SetRow@CMat@@QAAXHNZZ     0040b8d0 f   PSINS.obj
 0001:0000a960       ?SetRow@CMat@@QAEXHABVCVect@@@Z 0040b960 f   PSINS.obj
 0001:0000a9e0       ?SetClm@CMat@@QAAXHNZZ     0040b9e0 f   PSINS.obj
 0001:0000aa70       ?SetClm@CMat@@QAEXHABVCVect@@@Z 0040ba70 f   PSINS.obj
 0001:0000aaf0       ?SetClmVect3@CMat@@QAEXHHABVCVect3@@@Z 0040baf0 f   PSINS.obj
 0001:0000ab80       ?SetClmVect3@CMat@@QAEXHHABVCVect3@@0@Z 0040bb80 f   PSINS.obj
 0001:0000ac50       ?SetClmVect3@CMat@@QAEXHHABVCVect3@@00@Z 0040bc50 f   PSINS.obj
 0001:0000ad50       ?SetRowVect3@CMat@@QAEXHHABVCVect3@@@Z 0040bd50 f   PSINS.obj
 0001:0000ada0       ?SetRowVect3@CMat@@QAEXHHABVCVect3@@0@Z 0040bda0 f   PSINS.obj
 0001:0000ae00       ?SetRowVect3@CMat@@QAEXHHABVCVect3@@00@Z 0040be00 f   PSINS.obj
 0001:0000ae80       ?GetRowVect3@CMat@@QBE?AVCVect3@@HH@Z 0040be80 f   PSINS.obj
 0001:0000aed0       ?GetClmVect3@CMat@@QBE?AVCVect3@@HH@Z 0040bed0 f   PSINS.obj
 0001:0000af80       ?SetDiagVect3@CMat@@QAEXHHABVCVect3@@@Z 0040bf80 f   PSINS.obj
 0001:0000b010       ?GetDiagVect3@CMat@@QBE?AVCVect3@@HH@Z 0040c010 f   PSINS.obj
 0001:0000b0d0       ?GetDiagf@CMat@@QBEXHHPAN@Z 0040c0d0 f   PSINS.obj
 0001:0000b160       ?SetDiagf@CMat@@QAEXHHPAN@Z 0040c160 f   PSINS.obj
 0001:0000b1f0       ?SetAskew@CMat@@QAEXHHABVCVect3@@@Z 0040c1f0 f   PSINS.obj
 0001:0000b2e0       ?SetMat3@CMat@@QAEXHHABVCMat3@@@Z 0040c2e0 f   PSINS.obj
 0001:0000b370       ?SetMat3@CMat@@QAEXHHABVCMat3@@0@Z 0040c370 f   PSINS.obj
 0001:0000b430       ?SetMat3@CMat@@QAEXHHABVCMat3@@00@Z 0040c430 f   PSINS.obj
 0001:0000b530       ?GetMat3@CMat@@QBE?AVCMat3@@HH@Z 0040c530 f   PSINS.obj
 0001:0000b5f0       ?SubAddMat3@CMat@@QAEXHHABVCMat3@@@Z 0040c5f0 f   PSINS.obj
 0001:0000b680       ?GetRow@CMat@@QBE?AVCVect@@H@Z 0040c680 f   PSINS.obj
 0001:0000b760       ?GetRow@CMat@@QAEXAAVCVect@@H@Z 0040c760 f   PSINS.obj
 0001:0000b810       ?GetClm@CMat@@QBE?AVCVect@@H@Z 0040c810 f   PSINS.obj
 0001:0000b8f0       ?GetClm@CMat@@QBA?AV1@HHZZ 0040c8f0 f   PSINS.obj
 0001:0000ba70       ?GetClm@CMat@@QAEXAAVCVect@@H@Z 0040ca70 f   PSINS.obj
 0001:0000bb10       ?ZeroRow@CMat@@QAEXH@Z     0040cb10 f   PSINS.obj
 0001:0000bb80       ?ZeroClm@CMat@@QAEXH@Z     0040cb80 f   PSINS.obj
 0001:0000bbf0       ?ZeroRC@CMat@@QAEXHH@Z     0040cbf0 f   PSINS.obj
 0001:0000bc50       ?SetDiag@CMat@@QAAXNZZ     0040cc50 f   PSINS.obj
 0001:0000bd30       ?SetDiag2@CMat@@QAAXNZZ    0040cd30 f   PSINS.obj
 0001:0000be10       ?SetAscend@CMat@@QAEXNN@Z  0040ce10 f   PSINS.obj
 0001:0000be80       ?norm1@@YANABVCMat@@@Z     0040ce80 f   PSINS.obj
 0001:0000bec0       ?normInf@@YANABVCMat@@@Z   0040cec0 f   PSINS.obj
 0001:0000bf00       ?diag@@YA?AVCVect@@ABVCMat@@@Z 0040cf00 f   PSINS.obj
 0001:0000bfe0       ?eye@@YA?AVCMat@@H@Z       0040cfe0 f   PSINS.obj
 0001:0000c0a0       ?MatExam@@YA?AVCMat@@HH@Z  0040d0a0 f   PSINS.obj
 0001:0000c130       ?inv4@@YA?AVCMat@@ABV1@@Z  0040d130 f   PSINS.obj
 0001:0000c410       ?inv6@@YA?AVCMat@@ABV1@@Z  0040d410 f   PSINS.obj
 0001:0000c6c0       ?lss@@YA?AVCVect@@ABVCMat@@ABV1@@Z 0040d6c0 f   PSINS.obj
 0001:0000c800       ?RowMul@@YAXAAVCMat@@ABV1@1HH@Z 0040d800 f   PSINS.obj
 0001:0000c920       ?RowMulT@@YAXAAVCMat@@ABV1@1HH@Z 0040d920 f   PSINS.obj
 0001:0000ca40       ?diag@@YA?AVCMat@@ABVCVect@@@Z 0040da40 f   PSINS.obj
 0001:0000cb50       ?DVMDVafa@@YAXABVCVect@@AAVCMat@@N@Z 0040db50 f   PSINS.obj
 0001:0000cc40       ??0CVect@@QAE@XZ           0040dc40 f   PSINS.obj
 0001:0000cc70       ??0CVect@@QAE@HH@Z         0040dc70 f   PSINS.obj
 0001:0000cce0       ??0CVect@@QAE@HN@Z         0040dce0 f   PSINS.obj
 0001:0000cd60       ??0CVect@@QAE@HPBN@Z       0040dd60 f   PSINS.obj
 0001:0000cde0       ??0CVect@@QAA@HNNZZ        0040dde0 f   PSINS.obj
 0001:0000cec0       ??0CVect@@QAE@ABVCVect3@@@Z 0040dec0 f   PSINS.obj
 0001:0000cf50       ??0CVect@@QAE@ABVCVect3@@V1@@Z 0040df50 f   PSINS.obj
 0001:0000d000       ?Clear@CVect@@QAEXXZ       0040e000 f   PSINS.obj
 0001:0000d060       ?Reset@CVect@@QAEXHH@Z     0040e060 f   PSINS.obj
 0001:0000d0d0       ??G@YA?AVCVect@@ABV0@@Z    0040e0d0 f   PSINS.obj
 0001:0000d170       ??S@YA?AVCVect@@ABV0@@Z    0040e170 f   PSINS.obj
 0001:0000d1d0       ??DCVect@@QBE?AV0@ABVCMat@@@Z 0040e1d0 f   PSINS.obj
 0001:0000d330       ??DCVect@@QBE?AVCMat@@ABV0@@Z 0040e330 f   PSINS.obj
 0001:0000d4f0       ??HCVect@@QBE?AV0@ABV0@@Z  0040e4f0 f   PSINS.obj
 0001:0000d5d0       ??GCVect@@QBE?AV0@ABV0@@Z  0040e5d0 f   PSINS.obj
 0001:0000d6b0       ??DCVect@@QBE?AV0@N@Z      0040e6b0 f   PSINS.obj
 0001:0000d790       ??4CVect@@QAEAAV0@N@Z      0040e790 f   PSINS.obj
 0001:0000d800       ??4CVect@@QAEAAV0@PBN@Z    0040e800 f   PSINS.obj
 0001:0000d870       ??4CVect@@QAEAAV0@ABVCMat3@@@Z 0040e870 f   PSINS.obj
 0001:0000d8e0       ??YCVect@@QAEAAV0@ABV0@@Z  0040e8e0 f   PSINS.obj
 0001:0000d960       ??ZCVect@@QAEAAV0@ABV0@@Z  0040e960 f   PSINS.obj
 0001:0000d9e0       ??XCVect@@QAEAAV0@N@Z      0040e9e0 f   PSINS.obj
 0001:0000da50       ?dot@@YANABVCVect@@0@Z     0040ea50 f   PSINS.obj
 0001:0000dad0       ?dotmul@@YA?AVCVect@@ABV1@0@Z 0040ead0 f   PSINS.obj
 0001:0000dbc0       ?pow@@YA?AVCVect@@ABV1@H@Z 0040ebc0 f   PSINS.obj
 0001:0000dcb0       ?abs@@YA?AVCVect@@ABV1@@Z  0040ecb0 f   PSINS.obj
 0001:0000ddc0       ?neg@@YAXAAVCVect@@QBHH@Z  0040edc0 f   PSINS.obj
 0001:0000de50       ?enlarge@@YAXAAVCVect@@NQBHH@Z 0040ee50 f   PSINS.obj
 0001:0000dee0       ?norm@@YANABVCVect@@@Z     0040eee0 f   PSINS.obj
 0001:0000df20       ?norm1@@YANABVCVect@@@Z    0040ef20 f   PSINS.obj
 0001:0000df60       ?normInf@@YANABVCVect@@@Z  0040ef60 f   PSINS.obj
 0001:0000dfa0       ??RCVect@@QAEAANH@Z        0040efa0 f   PSINS.obj
 0001:0000dfd0       ?Set@CVect@@QAAXNZZ        0040efd0 f   PSINS.obj
 0001:0000e060       ?Set2@CVect@@QAAXNZZ       0040f060 f   PSINS.obj
 0001:0000e0f0       ?SetVect3@CVect@@QAEXHABVCVect3@@@Z 0040f0f0 f   PSINS.obj
 0001:0000e130       ?Set2Vect3@CVect@@QAEXHABVCVect3@@@Z 0040f130 f   PSINS.obj
 0001:0000e1b0       ?SetAscend@CVect@@QAEXNN@Z 0040f1b0 f   PSINS.obj
 0001:0000e220       ?SetBit@CVect@@QAEXIN@Z    0040f220 f   PSINS.obj
 0001:0000e290       ?SetBit@CVect@@QAEXIABVCVect3@@@Z 0040f290 f   PSINS.obj
 0001:0000e320       ?Seti2j@CVect@@QAEXHHN@Z   0040f320 f   PSINS.obj
 0001:0000e3a0       ?GetVect3@CVect@@QBE?AVCVect3@@H@Z 0040f3a0 f   PSINS.obj
 0001:0000e3e0       ?mean@@YANABVCVect@@@Z     0040f3e0 f   PSINS.obj
 0001:0000e450       ?sort@@YA?AVCVect@@ABV1@@Z 0040f450 f   PSINS.obj
 0001:0000e570       ??0CPolyfit@@QAE@XZ        0040f570 f   PSINS.obj
 0001:0000e5a0       ?Init@CPolyfit@@UAEXNHN@Z  0040f5a0 f   PSINS.obj
 0001:0000e6e0       ?SetP@CPolyfit@@QAAXNZZ    0040f6e0 f   PSINS.obj
 0001:0000e760       ?SetUD@CPolyfit@@QAAXNZZ   0040f760 f   PSINS.obj
 0001:0000e850       ?SetHk@CPolyfit@@QAAXNZZ   0040f850 f   PSINS.obj
 0001:0000e8d0       ?UpdateP@CPolyfit@@QAEXN@Z 0040f8d0 f   PSINS.obj
 0001:0000eb50       ?Update@CPolyfit@@QAEXNN@Z 0040fb50 f   PSINS.obj
 0001:0000ec70       ?eval@CPolyfit@@QAENN@Z    0040fc70 f   PSINS.obj
 0001:0000ed40       ??0CPolyfit3@@QAE@XZ       0040fd40 f   PSINS.obj
 0001:0000eda0       ??_H@YGXPAXIHP6EX0@Z@Z     0040fda0 f i PSINS.obj
 0001:0000ee00       ?Init@CPolyfit3@@UAEXNHN@Z 0040fe00 f   PSINS.obj
 0001:0000ee90       ?Update@CPolyfit3@@QAEXABVCVect3@@N@Z 0040fe90 f   PSINS.obj
 0001:0000eff0       ?eval@CPolyfit3@@QAE?AVCVect3@@N@Z 0040fff0 f   PSINS.obj
 0001:0000f110       ??0CIIR@@QAE@XZ            00410110 f   PSINS.obj
 0001:0000f140       ??0CIIR@@QAE@PAN0H@Z       00410140 f   PSINS.obj
 0001:0000f200       ?Update@CIIR@@QAENN@Z      00410200 f   PSINS.obj
 0001:0000f310       ??0CIIRV3@@QAE@XZ          00410310 f   PSINS.obj
 0001:0000f380       ??0CIIRV3@@QAE@PAN0H00H00H@Z 00410380 f   PSINS.obj
 0001:0000f4a0       ?Update@CIIRV3@@QAE?AVCVect3@@ABV2@@Z 004104a0 f   PSINS.obj
 0001:0000f560       ??0CRAvar@@QAE@XZ          00410560 f   PSINS.obj
 0001:0000f590       ??0CRAvar@@QAE@HH@Z        00410590 f   PSINS.obj
 0001:0000f610       ?set@CRAvar@@QAEXNNNNH@Z   00410610 f   PSINS.obj
 0001:0000f730       ?set@CRAvar@@QAEXABVCVect3@@000@Z 00410730 f   PSINS.obj
 0001:0000f7f0       ?set@CRAvar@@QAEXABVCVect@@000@Z 004107f0 f   PSINS.obj
 0001:0000f8c0       ?Update@CRAvar@@QAEXNNH@Z  004108c0 f   PSINS.obj
 0001:0000fac0       ?Update@CRAvar@@QAEXABVCVect3@@N@Z 00410ac0 f   PSINS.obj
 0001:0000fb40       ?Update@CRAvar@@QAEXABVCVect@@N@Z 00410b40 f   PSINS.obj
 0001:0000fbc0       ??RCRAvar@@QBENH@Z         00410bc0 f   PSINS.obj
 0001:0000fc40       ??0CVAR@@QAE@HN@Z          00410c40 f   PSINS.obj
 0001:0000fd00       ?Update@CVAR@@QAENNH@Z     00410d00 f   PSINS.obj
 0001:0000fe80       ??0CVARn@@QAE@XZ           00410e80 f   PSINS.obj
 0001:0000fec0       ??0CVARn@@QAE@HH@Z         00410ec0 f   PSINS.obj
 0001:00010040       ??1CVARn@@QAE@XZ           00411040 f   PSINS.obj
 0001:000100d0       ?Reset@CVARn@@QAEXXZ       004110d0 f   PSINS.obj
 0001:00010160       ?Update@CVARn@@QAEHPBN@Z   00411160 f   PSINS.obj
 0001:000103a0       ?Update@CVARn@@QAAHNZZ     004113a0 f   PSINS.obj
 0001:00010430       ??0CContLarge@@QAE@XZ      00411430 f   PSINS.obj
 0001:00010460       ??0CContLarge@@QAE@NNH@Z   00411460 f   PSINS.obj
 0001:000104d0       ?Update@CContLarge@@QAEHNN@Z 004114d0 f   PSINS.obj
 0001:00010590       ??0CAbnomalCnt@@QAE@XZ     00411590 f   PSINS.obj
 0001:000105c0       ??0CAbnomalCnt@@QAE@HNNN@Z 004115c0 f   PSINS.obj
 0001:00010670       ?Update@CAbnomalCnt@@QAEHNN@Z 00411670 f   PSINS.obj
 0001:00010730       ??0CWzhold@@QAE@XZ         00411730 f   PSINS.obj
 0001:00010760       ?Init@CWzhold@@QAEXNNNH@Z  00411760 f   PSINS.obj
 0001:00010820       ?Reset@CWzhold@@QAEXXZ     00411820 f   PSINS.obj
 0001:00010890       ?Update@CWzhold@@QAEHN@Z   00411890 f   PSINS.obj
 0001:00010bd0       ??0CMaxMin@@QAE@HHM@Z      00411bd0 f   PSINS.obj
 0001:00010c20       ?Init@CMaxMin@@QAEXHHM@Z   00411c20 f   PSINS.obj
 0001:00010d50       ?Restart@CMaxMin@@QAEXXZ   00411d50 f   PSINS.obj
 0001:00010da0       ?Update@CMaxMin@@QAEHM@Z   00411da0 f   PSINS.obj
 0001:00010f80       ??0CMaxMinn@@QAE@HHHM@Z    00411f80 f   PSINS.obj
 0001:00010fe0       ??_FCMaxMin@@QAEXXZ        00411fe0 f i PSINS.obj
 0001:00011020       ?Init@CMaxMinn@@QAEXHHHM@Z 00412020 f   PSINS.obj
 0001:000110c0       ?Restart@CMaxMinn@@QAEXXZ  004120c0 f   PSINS.obj
 0001:00011130       ?Update@CMaxMinn@@QAAHMZZ  00412130 f   PSINS.obj
 0001:000111d0       ?Update@CMaxMinn@@QAEHABVCVect3@@@Z 004121d0 f   PSINS.obj
 0001:00011260       ?Update@CMaxMinn@@QAEHABVCVect3@@0@Z 00412260 f   PSINS.obj
 0001:00011340       ?Update@CMaxMinn@@QAEHABVCVect3@@00@Z 00412340 f   PSINS.obj
 0001:00011470       ?Update@CMaxMinn@@QAEHABVCVect3@@000@Z 00412470 f   PSINS.obj
 0001:000115f0       ?Update@CMaxMinn@@QAEHABVCVect3@@0000@Z 004125f0 f   PSINS.obj
 0001:000117d0       ?ResFloat@CMaxMinn@@QAEMHH@Z 004127d0 f   PSINS.obj
 0001:00011850       ?ResVect3@CMaxMinn@@QAE?AVCVect3@@HH@Z 00412850 f   PSINS.obj
 0001:00011a20       ??0CKalman@@QAE@XZ         00412a20 f   PSINS.obj
 0001:00011c80       ??0CKalman@@QAE@HH@Z       00412c80 f   PSINS.obj
 0001:00011f00       ?Init@CKalman@@QAEXHH@Z    00412f00 f   PSINS.obj
 0001:000124f0       ?SetRmmbt@CKalman@@QAEXNNNN@Z 004134f0 f   PSINS.obj
 0001:000125f0       ?SetRmaxcount@CKalman@@QAEXH@Z 004135f0 f   PSINS.obj
 0001:00012660       ?SetInnoMaxcount@CKalman@@QAEXH@Z 00413660 f   PSINS.obj
 0001:000126d0       ?SetZmm@CKalman@@QAEXHHNH@Z 004136d0 f   PSINS.obj
 0001:00012750       ?SetZmmVn@CKalman@@QAEXABVCVect3@@H@Z 00413750 f   PSINS.obj
 0001:000127d0       ?SetZmmPos@CKalman@@QAEXABVCVect3@@H@Z 004137d0 f   PSINS.obj
 0001:00012850       ?TimeUpdate@CKalman@@QAEXNH@Z 00413850 f   PSINS.obj
 0001:00012a70       ?SetStatMask@CKalman@@QAEXIHIHI@Z 00413a70 f   PSINS.obj
 0001:00012ca0       ?SetMeasMask@CKalman@@QAEXIH@Z 00413ca0 f   PSINS.obj
 0001:00012d60       ?SetMeasFlag@CKalman@@QAEXIH@Z 00413d60 f   PSINS.obj
 0001:00012dd0       ?SetMeasStop@CKalman@@QAEXIN@Z 00413dd0 f   PSINS.obj
 0001:00012e70       ?SetRadptStop@CKalman@@QAEXIN@Z 00413e70 f   PSINS.obj
 0001:00012ec0       ?MeasUpdate@CKalman@@QAEHN@Z 00413ec0 f   PSINS.obj
 0001:00013260       ?MeasUD@@YAXQAN0QBNN0H@Z   00414260 f   PSINS.obj
 0001:00013590       ?RAdaptive@CKalman@@QAEHHNN@Z 00414590 f   PSINS.obj
 0001:000137b0       ?RPkFading@CKalman@@QAEXH@Z 004147b0 f   PSINS.obj
 0001:000138a0       ?ZmmPkSet@CKalman@@QAEXH@Z 004148a0 f   PSINS.obj
 0001:00013970       ?XPConstrain@CKalman@@QAEXXZ 00414970 f   PSINS.obj
 0001:00013cb0       ?PmaxPminCheck@CKalman@@QAEXXZ 00414cb0 f   PSINS.obj
 0001:00013db0       ?Feedback@CKalman@@UAEXHN@Z 00414db0 f   PSINS.obj
 0001:00014000       ?FeedbackAll@CKalman@@QAEXXZ 00415000 f   PSINS.obj
 0001:00014130       ?RtFading@CKalman@@QAEXHN@Z 00415130 f   PSINS.obj
 0001:00014280       ?fusion@@YAXPAN0PBN1H00@Z  00415280 f   PSINS.obj
 0001:00014430       ?fusion@@YAXAAVCVect3@@0V1@1@Z 00415430 f   PSINS.obj
 0001:00014480       ?fusion@@YAXAAVCVect3@@0V1@100@Z 00415480 f   PSINS.obj
 0001:000144d0       ??0CSINSTDKF@@QAE@XZ       004154d0 f   PSINS.obj
 0001:000145b0       ??0CSINSTDKF@@QAE@HH@Z     004155b0 f   PSINS.obj
 0001:000146d0       ?Init@CSINSTDKF@@QAEXABVCSINS@@@Z 004156d0 f   PSINS.obj
 0001:000148f0       ?TDReset@CSINSTDKF@@QAEXXZ 004158f0 f   PSINS.obj
 0001:00014960       ?Innovationi@CSINSTDKF@@QAENH@Z 00415960 f   PSINS.obj
 0001:00014a10       ?TDUpdate@CSINSTDKF@@QAEHPBVCVect3@@0HNH@Z 00415a10 f   PSINS.obj
 0001:00015850       ?MeasUpdate@CSINSTDKF@@QAEXABVCVect@@NN@Z 00416850 f   PSINS.obj
 0001:00015a10       ?MarkovGyro@CSINSTDKF@@QAEXABVCVect3@@0H@Z 00416a10 f   PSINS.obj
 0001:00015a90       ?MarkovAcc@CSINSTDKF@@QAEXABVCVect3@@0H@Z 00416a90 f   PSINS.obj
 0001:00015b10       ?SetYaw@CSINSTDKF@@QAEXNHH@Z 00416b10 f   PSINS.obj
 0001:00015d10       ?PSetVertCh@CSINSTDKF@@QAEXNNN@Z 00416d10 f   PSINS.obj
 0001:00015df0       ?SetCalcuBurden@CSINSTDKF@@QAENIH@Z 00416df0 f   PSINS.obj
 0001:00015f70       ??0CSINSGNSS@@QAE@XZ       00416f70 f   PSINS.obj
 0001:00015fd0       ??0CSINSGNSS@@QAE@HHNH@Z   00416fd0 f   PSINS.obj
 0001:00016300       ?Init@CSINSGNSS@@QAEXABVCSINS@@H@Z 00417300 f   PSINS.obj
 0001:000176a0       ?SetFt@CSINSGNSS@@UAEXH@Z  004186a0 f   PSINS.obj
 0001:00017ef0       ?SetHk@CSINSGNSS@@UAEXH@Z  00418ef0 f   PSINS.obj
 0001:00018050       ?Feedback@CSINSGNSS@@UAEXHN@Z 00419050 f   PSINS.obj
 0001:000186b0       ?SetMeasGNSS@CSINSGNSS@@QAEXABVCVect3@@0N@Z 004196b0 f   PSINS.obj
 0001:00018880       ?MeasGNSSZvStop@CSINSGNSS@@QAEXAAVCVect3@@N@Z 00419880 f   PSINS.obj
 0001:00018940       ?MeasGNSSZpStop@CSINSGNSS@@QAEXAAVCVect3@@N@Z 00419940 f   PSINS.obj
 0001:00018a00       ?MeasGNSSZp2X@CSINSGNSS@@QAEXAAVCVect3@@@Z 00419a00 f   PSINS.obj
 0001:00018ac0       ?Leveling@CSINSGNSS@@QAEXXZ 00419ac0 f   PSINS.obj
 0001:00018b80       ?Update@CSINSGNSS@@QAEHPBVCVect3@@0HNH@Z 00419b80 f   PSINS.obj
 0001:00018c10       ??6CSINSGNSS@@QAEXAAVCFileRdWt@@@Z 00419c10 f   PSINS.obj
 0001:00018d10       ?LogXk@CSINSGNSS@@QAEXXZ   00419d10 f   PSINS.obj
 0001:00019180       ??0CSysClbt@@QAE@ABVCVect3@@NH@Z 0041a180 f   PSINS.obj
 0001:00019290       ?SetHk@CSysClbt@@UAEXH@Z   0041a290 f i PSINS.obj
 0001:000192c0       ?SetMeas@CSysClbt@@UAEXXZ  0041a2c0 f i PSINS.obj
 0001:000192f0       ?Init@CSysClbt@@QAEXN@Z    0041a2f0 f   PSINS.obj
 0001:00019af0       ?NextIter@CSysClbt@@QAEXABVCQuat@@@Z 0041aaf0 f   PSINS.obj
 0001:00019fc0       ?SetFt@CSysClbt@@UAEXH@Z   0041afc0 f   PSINS.obj
 0001:0001a440       ?Feedback@CSysClbt@@UAEXHN@Z 0041b440 f   PSINS.obj
 0001:0001a690       ?Update@CSysClbt@@QAEHPBVCVect3@@0HNH@Z 0041b690 f   PSINS.obj
 0001:0001a7a0       ?Log@CSysClbt@@QAEXXZ      0041b7a0 f   PSINS.obj
 0001:0001a950       ?LogXk@CSysClbt@@QAEXXZ    0041b950 f   PSINS.obj
 0001:0001acd0       ??0CPOS618@@QAE@XZ         0041bcd0 f   PSINS.obj
 0001:0001ad70       ??0CPOS618@@QAE@NNH@Z      0041bd70 f   PSINS.obj
 0001:0001afb0       ??1CPOS618@@QAE@XZ         0041bfb0 f   PSINS.obj
 0001:0001b1a0       ??_GCRMemory@@QAEPAXI@Z    0041c1a0 f i PSINS.obj
 0001:0001b200       ??_GCSmooth@@QAEPAXI@Z     0041c200 f i PSINS.obj
 0001:0001b260       ??_GCFileRdWt@@QAEPAXI@Z   0041c260 f i PSINS.obj
 0001:0001b2c0       ?Load@CPOS618@@QAEHPADNN@Z 0041c2c0 f   PSINS.obj
 0001:0001b730       ?Init@CPOS618@@QAEXNABVCVect3@@@Z 0041c730 f   PSINS.obj
 0001:0001bbf0       ?Forward@CPOS618@@QAEXXZ   0041cbf0 f   PSINS.obj
 0001:0001bf70       ?Backward@CPOS618@@QAEXXZ  0041cf70 f   PSINS.obj
 0001:0001c410       ?Reverse@CPOS618@@QAEXXZ   0041d410 f   PSINS.obj
 0001:0001c640       ?Smooth@CPOS618@@QAEXXZ    0041d640 f   PSINS.obj
 0001:0001c670       ?Process@CPOS618@@QAEXPADH@Z 0041d670 f   PSINS.obj
 0001:0001c750       ??0CSINSGNSSCNS@@QAE@XZ    0041d750 f   PSINS.obj
 0001:0001c7b0       ??0CSINSGNSSCNS@@QAE@N@Z   0041d7b0 f   PSINS.obj
 0001:0001c880       ?SetCNS@CSINSGNSSCNS@@QAEXHHHNNN@Z 0041d880 f   PSINS.obj
 0001:0001c920       ?Init@CSINSGNSSCNS@@QAEXABVCSINS@@H@Z 0041d920 f   PSINS.obj
 0001:0001cd10       ?SetHk@CSINSGNSSCNS@@UAEXH@Z 0041dd10 f   PSINS.obj
 0001:0001cdc0       ?Feedback@CSINSGNSSCNS@@UAEXHN@Z 0041ddc0 f   PSINS.obj
 0001:0001ce50       ?SetMeasCNS@CSINSGNSSCNS@@QAEXAAVCQuat@@@Z 0041de50 f   PSINS.obj
 0001:0001cf40       ?SetMeasCNS@CSINSGNSSCNS@@QAEXAAVCVect3@@@Z 0041df40 f   PSINS.obj
 0001:0001d000       ??0CSINSGNSSDR@@QAE@XZ     0041e000 f   PSINS.obj
 0001:0001d080       ?SetHk@CSINSGNSSDR@@UAEXH@Z 0041e080 f i PSINS.obj
 0001:0001d0b0       ??0CSINSGNSSDR@@QAE@N@Z    0041e0b0 f   PSINS.obj
 0001:0001d240       ?Init@CSINSGNSSDR@@QAEXABVCSINS@@H@Z 0041e240 f   PSINS.obj
 0001:0001d850       ?SetFt@CSINSGNSSDR@@UAEXH@Z 0041e850 f   PSINS.obj
 0001:0001d9e0       ?Feedback@CSINSGNSSDR@@UAEXHN@Z 0041e9e0 f   PSINS.obj
 0001:0001dad0       ?SetMeas@CSINSGNSSDR@@UAEXXZ 0041ead0 f   PSINS.obj
 0001:0001db60       ?SetMeasGNSS@CSINSGNSSDR@@QAEXABVCVect3@@0N@Z 0041eb60 f   PSINS.obj
 0001:0001dda0       ?Update@CSINSGNSSDR@@QAEHPBVCVect3@@0NHNH@Z 0041eda0 f   PSINS.obj
 0001:0001df00       ??0CSINSGNSSOD@@QAE@XZ     0041ef00 f   PSINS.obj
 0001:0001e010       ?SetMeas@CSINSGNSSOD@@UAEXXZ 0041f010 f i PSINS.obj
 0001:0001e040       ??0CSINSGNSSOD@@QAE@HHNH@Z 0041f040 f   PSINS.obj
 0001:0001e290       ?Init@CSINSGNSSOD@@QAEXABVCSINS@@H@Z 0041f290 f   PSINS.obj
 0001:0001e320       ?SetDistance@CSINSGNSSOD@@QAEXN@Z 0041f320 f   PSINS.obj
 0001:0001e3e0       ?ODKappa@CSINSGNSSOD@@QAE?AVCVect3@@ABV2@@Z 0041f3e0 f   PSINS.obj
 0001:0001e4e0       ?ODVelUpdate@CSINSGNSSOD@@QAEHN@Z 0041f4e0 f   PSINS.obj
 0001:0001ebc0       ?Update@CSINSGNSSOD@@QAEHPBVCVect3@@0NHNH@Z 0041fbc0 f   PSINS.obj
 0001:0001ec60       ??6CSINSGNSSOD@@QAEXAAVCFileRdWt@@@Z 0041fc60 f   PSINS.obj
 0001:0001edd0       ??0CAutoDrive@@QAE@XZ      0041fdd0 f   PSINS.obj
 0001:0001ee40       ?SetMeas@CAutoDrive@@UAEXXZ 0041fe40 f i PSINS.obj
 0001:0001ee70       ??0CAutoDrive@@QAE@N@Z     0041fe70 f   PSINS.obj
 0001:0001f040       ?Init@CAutoDrive@@QAEXABVCSINS@@H@Z 00420040 f   PSINS.obj
 0001:0001f520       ?SetFt@CAutoDrive@@UAEXH@Z 00420520 f   PSINS.obj
 0001:0001f560       ?SetHk@CAutoDrive@@UAEXH@Z 00420560 f   PSINS.obj
 0001:0001f590       ?Feedback@CAutoDrive@@UAEXHN@Z 00420590 f   PSINS.obj
 0001:0001f660       ?ZUPTtest@CAutoDrive@@QAEXXZ 00420660 f   PSINS.obj
 0001:0001f760       ?ZIHRtest@CAutoDrive@@QAEXXZ 00420760 f   PSINS.obj
 0001:0001f860       ?NHCtest@CAutoDrive@@QAEXXZ 00420860 f   PSINS.obj
 0001:0001f9b0       ?SetGNSSFixMode@CAutoDrive@@QAEXH@Z 004209b0 f   PSINS.obj
 0001:0001fb80       ?Update@CAutoDrive@@QAEHPBVCVect3@@0NHNH@Z 00420b80 f   PSINS.obj
 0001:0001fdc0       ??0CSGOClbt@@QAE@N@Z       00420dc0 f   PSINS.obj
 0001:0001fe90       ?Init@CSGOClbt@@QAEXABVCSINS@@H@Z 00420e90 f   PSINS.obj
 0001:000203e0       ?SetFt@CSGOClbt@@UAEXH@Z   004213e0 f   PSINS.obj
 0001:00020450       ?SetHk@CSGOClbt@@UAEXH@Z   00421450 f   PSINS.obj
 0001:00020510       ?Feedback@CSGOClbt@@UAEXHN@Z 00421510 f   PSINS.obj
 0001:00020650       ?Update@CSGOClbt@@QAEHPBVCVect3@@0NHNH@Z 00421650 f   PSINS.obj
 0001:00020730       ??0CVAutoPOS@@QAE@XZ       00421730 f   PSINS.obj
 0001:00020780       ??0CVAutoPOS@@QAE@N@Z      00421780 f   PSINS.obj
 0001:000207e0       ?Init@CVAutoPOS@@UAEXABVCSINS@@H@Z 004217e0 f   PSINS.obj
 0001:00020a80       ?SetFt@CVAutoPOS@@UAEXH@Z  00421a80 f   PSINS.obj
 0001:00020ac0       ?SetHk@CVAutoPOS@@UAEXH@Z  00421ac0 f   PSINS.obj
 0001:00020af0       ?Feedback@CVAutoPOS@@UAEXHN@Z 00421af0 f   PSINS.obj
 0001:00020bc0       ?Update@CVAutoPOS@@QAEHPBVCVect3@@0NHNH@Z 00421bc0 f   PSINS.obj
 0001:00020ca0       ?Init@CCAM@@QAEXABVCVect3@@0NN0@Z 00421ca0 f   PSINS.obj
 0001:00020d70       ?TUpdate@CCAM@@QAEXNN@Z    00421d70 f   PSINS.obj
 0001:00020e80       ?MUpdate@CCAM@@QAEXNN@Z    00421e80 f   PSINS.obj
 0001:00021170       ?Update@CCAM@@QAEXNNNN@Z   00422170 f   PSINS.obj
 0001:000211d0       ?Init@CCALLH@@QAEXABVCVect3@@0NN0@Z 004221d0 f   PSINS.obj
 0001:00021290       ?Update@CCALLH@@QAEXN@Z    00422290 f   PSINS.obj
 0001:00021320       ?Update@CCALLH@@QAEXABVCVect3@@@Z 00422320 f   PSINS.obj
 0001:000213b0       ?Update@CCALLH@@QAEXNABVCVect3@@@Z 004223b0 f   PSINS.obj
 0001:00021400       ?GetdPos@CCALLH@@QAE?AVCVect3@@ABVCSINS@@@Z 00422400 f   PSINS.obj
 0001:00021490       ?GetdVn@CCALLH@@QAE?AVCVect3@@XZ 00422490 f   PSINS.obj
 0001:00021510       ?GetPhi@CCALLH@@QAE?AVCVect3@@PAN@Z 00422510 f   PSINS.obj
 0001:000215b0       ?GetAVP@CCALLH@@QAENAAVCVect3@@00ABVCSINS@@@Z 004225b0 f   PSINS.obj
 0001:00021690       ??0CGKP@@QAE@NN@Z          00422690 f   PSINS.obj
 0001:000216e0       ?Init@CGKP@@QAEXNN@Z       004226e0 f   PSINS.obj
 0001:00021940       ?GKPCore@CGKP@@AAE?AVCVect3@@ABV2@@Z 00422940 f   PSINS.obj
 0001:00021d40       ?IGKPCore@CGKP@@AAE?AVCVect3@@ABV2@@Z 00422d40 f   PSINS.obj
 0001:000221e0       ?GKP@CGKP@@QAE?AVCVect3@@ABV2@@Z 004231e0 f   PSINS.obj
 0001:000222c0       ?IGKP@CGKP@@QAE?AVCVect3@@ABV2@@Z 004232c0 f   PSINS.obj
 0001:000223a0       ??0CEarth@@QAE@NNN@Z       004233a0 f   PSINS.obj
 0001:00022480       ?Init@CEarth@@QAEXNNN@Z    00423480 f   PSINS.obj
 0001:00022590       ?Update@CEarth@@QAEXABVCVect3@@0H@Z 00423590 f   PSINS.obj
 0001:00022aa0       ?vn2dpos@CEarth@@QBE?AVCVect3@@ABV2@N@Z 00423aa0 f   PSINS.obj
 0001:00022b30       ?vn2dpos@CEarth@@QBEXAAVCVect3@@ABV2@N@Z 00423b30 f   PSINS.obj
 0001:00022b90       ?pos2g@@YANABVCVect3@@@Z   00423b90 f   PSINS.obj
 0001:00022c10       ?pos2wnie@@YA?AVCVect3@@ABV1@@Z 00423c10 f   PSINS.obj
 0001:00022c90       ??0CIMU@@QAE@XZ            00423c90 f   PSINS.obj
 0001:000232e0       ?Reset@CIMU@@QAEXXZ        004242e0 f   PSINS.obj
 0001:000233b0       ?SetRFU@CIMU@@QAEXPBD@Z    004243b0 f   PSINS.obj
 0001:00023420       ?SetSf@CIMU@@QAEXABVCVect3@@0@Z 00424420 f   PSINS.obj
 0001:00023480       ?SetTemp@CIMU@@QAEXPANH@Z  00424480 f   PSINS.obj
 0001:00023550       ?SetKga@CIMU@@QAEXABVCMat3@@VCVect3@@0ABV3@@Z 00424550 f   PSINS.obj
 0001:000235d0       ?SetgSens@CIMU@@QAEXABVCMat3@@00@Z 004245d0 f   PSINS.obj
 0001:00023680       ?SetKa2@CIMU@@QAEXABVCVect3@@@Z 00424680 f   PSINS.obj
 0001:000236d0       ?SetKapn@CIMU@@QAEXABVCVect3@@@Z 004246d0 f   PSINS.obj
 0001:00023720       ?SetLvtGA@CIMU@@QAEXABVCVect3@@00N@Z 00424720 f   PSINS.obj
 0001:000237b0       ?SetTau@CIMU@@QAEXABVCVect3@@00@Z 004247b0 f   PSINS.obj
 0001:00023820       ?SetCba@CIMU@@QAEXABVCMat3@@@Z 00424820 f   PSINS.obj
 0001:00023b00       ?GetMeanwf@CIMU@@QAENAAVCVect3@@0H@Z 00424b00 f   PSINS.obj
 0001:00023c00       ?Update@CIMU@@QAENPBVCVect3@@0HN@Z 00424c00 f   PSINS.obj
 0001:00024da0       ?IMURFU@@YAXPAVCVect3@@HPBD@Z 00425da0 f   PSINS.obj
 0001:00024f00       ?IMURFU@@YAXPAVCVect3@@0HPBD@Z 00425f00 f   PSINS.obj
 0001:00024f60       ?IMUStatic@@YAXAAVCVect3@@000N@Z 00425f60 f   PSINS.obj
 0001:00025090       ?lsclbt@@YA?AVCMat@@AAV1@0@Z 00426090 f   PSINS.obj
 0001:00025360       ??0CIMUInc@@QAE@NN@Z       00426360 f   PSINS.obj
 0001:000253b0       ?Init@CIMUInc@@QAEXNN@Z    004263b0 f   PSINS.obj
 0001:00025520       ?Update@CIMUInc@@QAEXABVCVect3@@0@Z 00426520 f   PSINS.obj
 0001:000256f0       ??0CIMUInv@@QAE@ABVCVect3@@00NN@Z 004266f0 f   PSINS.obj
 0001:000258c0       ?Update@CIMUInv@@QAEXABVCVect3@@0@Z 004268c0 f   PSINS.obj
 0001:00025da0       ??0CSINS@@QAE@NABVCVect3@@N@Z 00426da0 f   PSINS.obj
 0001:00026120       ??0CSINS@@QAE@ABVCVect3@@00N@Z 00427120 f   PSINS.obj
 0001:00026480       ??0CSINS@@QAE@ABVCQuat@@ABVCVect3@@1N@Z 00427480 f   PSINS.obj
 0001:000267d0       ?Init@CSINS@@QAEXABVCVect3@@00N@Z 004277d0 f   PSINS.obj
 0001:00026830       ?Init@CSINS@@QAEXABVCQuat@@ABVCVect3@@1N@Z 00427830 f   PSINS.obj
 0001:00026d80       ?SetTauGA@CSINS@@QAEXABVCVect3@@0@Z 00427d80 f   PSINS.obj
 0001:00026fa0       ?Update@CSINS@@QAEXPBVCVect3@@0HN@Z 00427fa0 f   PSINS.obj
 0001:00028040       ?Extrap@CSINS@@QAEXABVCVect3@@0N@Z 00429040 f   PSINS.obj
 0001:00028200       ?Extrap@CSINS@@QAEXN@Z     00429200 f   PSINS.obj
 0001:00028380       ?lever@CSINS@@QAEXABVCVect3@@PAV2@1@Z 00429380 f   PSINS.obj
 0001:000285c0       ?lever2@CSINS@@QAEXABVCVect3@@PAV2@1PBV2@2@Z 004295c0 f   PSINS.obj
 0001:00028780       ?atss@CSINS@@QAEXPAN0@Z    00429780 f   PSINS.obj
 0001:00028800       ?etm@CSINS@@QAEXXZ         00429800 f   PSINS.obj
 0001:00028d30       ?AddErr@CSINS@@QAEXABVCVect3@@00@Z 00429d30 f   PSINS.obj
 0001:00028de0       ?AddErr@CSINS@@QAEXNABVCVect3@@0@Z 00429de0 f   PSINS.obj
 0001:00028e40       ?Leveling@CSINS@@QAEXH@Z   00429e40 f   PSINS.obj
 0001:00028f90       ?Reverse@CSINS@@QAEXXZ     00429f90 f   PSINS.obj
 0001:00029060       ?isPPS@CSINS@@QAEHN@Z      0042a060 f   PSINS.obj
 0001:000290f0       ?DebugStop@CSINS@@QAEXNHH@Z 0042a0f0 f   PSINS.obj
 0001:000291b0       ??0CDR@@QAE@XZ             0042a1b0 f   PSINS.obj
 0001:00029290       ?Init@CDR@@QAEXABVCSINS@@ABVCVect3@@@Z 0042a290 f   PSINS.obj
 0001:00029320       ?Init@CDR@@QAEXABVCVect3@@00N@Z 0042a320 f   PSINS.obj
 0001:000294e0       ?Update@CDR@@QAEXABVCVect3@@NN0@Z 0042a4e0 f   PSINS.obj
 0001:000297a0       ?SetGCK@CDR@@QAEXN@Z       0042a7a0 f   PSINS.obj
 0001:000298c0       ?Leveling@CDR@@QAEXABVCVect3@@N@Z 0042a8c0 f   PSINS.obj
 0001:00029a90       ?Calibrate@CDR@@QAE?AVCVect3@@ABV2@00N@Z 0042aa90 f   PSINS.obj
 0001:00029c90       ??0CCNS@@QAE@XZ            0042ac90 f   PSINS.obj
 0001:00029e00       ?SetdT@CCNS@@QAEXNN@Z      0042ae00 f   PSINS.obj
 0001:00029e60       ?Setxyp@CCNS@@QAEXNN@Z     0042ae60 f   PSINS.obj
 0001:00029f50       ?JD@CCNS@@QAENHHHN@Z       0042af50 f   PSINS.obj
 0001:0002a020       ?Precmat@CCNS@@QAE?AVCMat3@@N@Z 0042b020 f   PSINS.obj
 0001:0002a150       ?Equinox@CCNS@@QAEXN@Z     0042b150 f   PSINS.obj
 0001:0002a360       ?Nutmat@CCNS@@QAE?AVCMat3@@N@Z 0042b360 f   PSINS.obj
 0001:0002a450       ?GAST@CCNS@@QAENNN@Z       0042b450 f   PSINS.obj
 0001:0002a5a0       ?GetCie@CCNS@@QAE?AVCMat3@@NN@Z 0042b5a0 f   PSINS.obj
 0001:0002a720       ?GetCns@CCNS@@QAE?AVCMat3@@ABVCQuat@@ABVCVect3@@NABV2@@Z 0042b720 f   PSINS.obj
 0001:0002a870       ??0CAVPInterp@@QAE@XZ      0042b870 f   PSINS.obj
 0001:0002a910       ?Init@CAVPInterp@@QAEXABVCSINS@@NHH@Z 0042b910 f   PSINS.obj
 0001:0002a9b0       ?Init@CAVPInterp@@QAEXABVCVect3@@00NH@Z 0042b9b0 f   PSINS.obj
 0001:0002aaa0       ?Push@CAVPInterp@@QAEXABVCSINS@@H@Z 0042baa0 f   PSINS.obj
 0001:0002ab30       ?Push@CAVPInterp@@QAEXABVCVect3@@00@Z 0042bb30 f   PSINS.obj
 0001:0002abe0       ?Interp@CAVPInterp@@QAEHNH@Z 0042bbe0 f   PSINS.obj
 0001:0002b010       ?timestr@@YAPADHPAD@Z      0042c010 f   PSINS.obj
 0001:0002b0c0       ?time2fname@@YAPADXZ       0042c0c0 f   PSINS.obj
 0001:0002b110       ?DirI@CFileRdWt@@SAXPBD@Z  0042c110 f   PSINS.obj
 0001:0002b1a0       ?DirO@CFileRdWt@@SAXPBD@Z  0042c1a0 f   PSINS.obj
 0001:0002b230       ?Dir@CFileRdWt@@SAXPBD0@Z  0042c230 f   PSINS.obj
 0001:0002b290       ??0CFileRdWt@@QAE@XZ       0042c290 f   PSINS.obj
 0001:0002b2c0       ??0CFileRdWt@@QAE@PBDH@Z   0042c2c0 f   PSINS.obj
 0001:0002b330       ??1CFileRdWt@@QAE@XZ       0042c330 f   PSINS.obj
 0001:0002b380       ?Init@CFileRdWt@@QAEXPBDH@Z 0042c380 f   PSINS.obj
 0001:0002b760       ?load@CFileRdWt@@QAEHHH@Z  0042c760 f   PSINS.obj
 0001:0002bc30       ?loadf32@CFileRdWt@@QAEHH@Z 0042cc30 f   PSINS.obj
 0001:0002bd20       ?load@CFileRdWt@@QAEJPAEJ@Z 0042cd20 f   PSINS.obj
 0001:0002bdd0       ?bwseek@CFileRdWt@@QAEXHH@Z 0042cdd0 f   PSINS.obj
 0001:0002be40       ?filesize@CFileRdWt@@QAEJH@Z 0042ce40 f   PSINS.obj
 0001:0002bf10       ?getl@CFileRdWt@@QAEHXZ    0042cf10 f   PSINS.obj
 0001:0002bf70       ?savepos@CFileRdWt@@QAEJH@Z 0042cf70 f   PSINS.obj
 0001:0002c000       ?restorepos@CFileRdWt@@QAEHH@Z 0042d000 f   PSINS.obj
 0001:0002c080       ?waitfor@CFileRdWt@@QAEHHNN@Z 0042d080 f   PSINS.obj
 0001:0002c160       ??6CFileRdWt@@QAEAAV0@N@Z  0042d160 f   PSINS.obj
 0001:0002c1b0       ??6CFileRdWt@@QAEAAV0@ABVCVect3@@@Z 0042d1b0 f   PSINS.obj
 0001:0002c200       ??6CFileRdWt@@QAEAAV0@ABVCQuat@@@Z 0042d200 f   PSINS.obj
 0001:0002c250       ??6CFileRdWt@@QAEAAV0@ABVCMat3@@@Z 0042d250 f   PSINS.obj
 0001:0002c2a0       ??6CFileRdWt@@QAEAAV0@ABVCVect@@@Z 0042d2a0 f   PSINS.obj
 0001:0002c300       ??6CFileRdWt@@QAEAAV0@ABVCMat@@@Z 0042d300 f   PSINS.obj
 0001:0002c360       ??6CFileRdWt@@QAEAAV0@ABVCRAvar@@@Z 0042d360 f   PSINS.obj
 0001:0002c3c0       ??6CFileRdWt@@QAEAAV0@ABVCMaxMinn@@@Z 0042d3c0 f   PSINS.obj
 0001:0002c4d0       ??6CFileRdWt@@QAEAAV0@ABVCAlignsb@@@Z 0042d4d0 f   PSINS.obj
 0001:0002c540       ??6CFileRdWt@@QAEAAV0@ABVCAligni0@@@Z 0042d540 f   PSINS.obj
 0001:0002c5d0       ??6CFileRdWt@@QAEAAV0@ABVCPolyfit@@@Z 0042d5d0 f   PSINS.obj
 0001:0002c640       ??6CFileRdWt@@QAEAAV0@ABVCPolyfit3@@@Z 0042d640 f   PSINS.obj
 0001:0002c6b0       ??6CFileRdWt@@QAEAAV0@ABVCIMU@@@Z 0042d6b0 f   PSINS.obj
 0001:0002c720       ??6CFileRdWt@@QAEAAV0@ABVCSINS@@@Z 0042d720 f   PSINS.obj
 0001:0002c830       ??6CFileRdWt@@QAEAAV0@ABVCDR@@@Z 0042d830 f   PSINS.obj
 0001:0002c8c0       ??6CFileRdWt@@QAEAAV0@ABVCRMemory@@@Z 0042d8c0 f   PSINS.obj
 0001:0002c910       ??6CFileRdWt@@QAEAAV0@AAVCKalman@@@Z 0042d910 f   PSINS.obj
 0001:0002c9f0       ??5CFileRdWt@@QAEAAV0@AAN@Z 0042d9f0 f   PSINS.obj
 0001:0002ca40       ??5CFileRdWt@@QAEAAV0@AAVCVect3@@@Z 0042da40 f   PSINS.obj
 0001:0002ca90       ??5CFileRdWt@@QAEAAV0@AAVCQuat@@@Z 0042da90 f   PSINS.obj
 0001:0002cae0       ??5CFileRdWt@@QAEAAV0@AAVCMat3@@@Z 0042dae0 f   PSINS.obj
 0001:0002cb30       ??5CFileRdWt@@QAEAAV0@AAVCVect@@@Z 0042db30 f   PSINS.obj
 0001:0002cb90       ??5CFileRdWt@@QAEAAV0@AAVCMat@@@Z 0042db90 f   PSINS.obj
 0001:0002cbf0       ??0CFImuGnssSync@@QAE@PBDHN0H@Z 0042dbf0 f   PSINS.obj
 0001:0002cdc0       ??1CFImuGnssSync@@QAE@XZ   0042ddc0 f   PSINS.obj
 0001:0002ce30       ?load@CFImuGnssSync@@QAEHH@Z 0042de30 f   PSINS.obj
 0001:0002d060       ??0CFileLog@@QAE@XZ        0042e060 f   PSINS.obj
 0001:0002d0d0       ?LogSet@CFileLog@@QAEAAV1@HPBD@Z 0042e0d0 f   PSINS.obj
 0001:0002d1f0       ??1CFileLog@@QAE@XZ        0042e1f0 f   PSINS.obj
 0001:0002d260       ?LogDate@CFileLog@@QAEAAV1@H@Z 0042e260 f   PSINS.obj
 0001:0002d2f0       ?LogRunTime@CFileLog@@QAEAAV1@H@Z 0042e2f0 f   PSINS.obj
 0001:0002d370       ??6CFileLog@@QAEAAV0@PBD@Z 0042e370 f   PSINS.obj
 0001:0002d3d0       ??6CFileLog@@QAEAAV0@H@Z   0042e3d0 f   PSINS.obj
 0001:0002d430       ??6CFileLog@@QAEAAV0@M@Z   0042e430 f   PSINS.obj
 0001:0002d4a0       ??6CFileLog@@QAEAAV0@N@Z   0042e4a0 f   PSINS.obj
 0001:0002d500       ??6CFileLog@@QAEAAV0@ABVCVect3@@@Z 0042e500 f   PSINS.obj
 0001:0002d580       ??6CFileLog@@QAEAAV0@ABVCQuat@@@Z 0042e580 f   PSINS.obj
 0001:0002d610       ??6CFileLog@@QAEAAV0@ABVCVect@@@Z 0042e610 f   PSINS.obj
 0001:0002d6a0       ??6CFileLog@@QAEAAV0@ABVCMat3@@@Z 0042e6a0 f   PSINS.obj
 0001:0002d790       ??6CFileLog@@QAEAAV0@ABVCMat@@@Z 0042e790 f   PSINS.obj
 0001:0002d870       ?CMArray@CFileLog@@QAEAAV1@PBDPBNHHN0@Z 0042e870 f   PSINS.obj
 0001:0002d910       ?CArray@CFileLog@@QAEAAV1@PBDPBNHHN0@Z 0042e910 f   PSINS.obj
 0001:0002db70       ?MArray@CFileLog@@QAEAAV1@PBDPBNHHN0@Z 0042eb70 f   PSINS.obj
 0001:0002dd00       ?Flush@CFileLog@@QAEXH@Z   0042ed00 f   PSINS.obj
 0001:0002dd70       ??0CFileCfg@@QAE@XZ        0042ed70 f   PSINS.obj
 0001:0002ddb0       ??1CFileCfg@@QAE@XZ        0042edb0 f   PSINS.obj
 0001:0002de10       ??6CFileCfg@@QAEAAV0@PBD@Z 0042ee10 f   PSINS.obj
 0001:0002dec0       ??5CFileCfg@@QAEAAV0@PBD@Z 0042eec0 f   PSINS.obj
 0001:0002df90       ??6CFileCfg@@QAEAAV0@F@Z   0042ef90 f   PSINS.obj
 0001:0002dfe0       ??6CFileCfg@@QAEAAV0@H@Z   0042efe0 f   PSINS.obj
 0001:0002e030       ??6CFileCfg@@QAEAAV0@M@Z   0042f030 f   PSINS.obj
 0001:0002e080       ??6CFileCfg@@QAEAAV0@N@Z   0042f080 f   PSINS.obj
 0001:0002e0d0       ??6CFileCfg@@QAEAAV0@ABVCVect3@@@Z 0042f0d0 f   PSINS.obj
 0001:0002e120       ??6CFileCfg@@QAEAAV0@ABVCQuat@@@Z 0042f120 f   PSINS.obj
 0001:0002e170       ??6CFileCfg@@QAEAAV0@ABVCMat3@@@Z 0042f170 f   PSINS.obj
 0001:0002e1c0       ??6CFileCfg@@QAEAAV0@ABVCMat@@@Z 0042f1c0 f   PSINS.obj
 0001:0002e220       ??5CFileCfg@@QAEAAV0@AAF@Z 0042f220 f   PSINS.obj
 0001:0002e290       ??5CFileCfg@@QAEAAV0@AAH@Z 0042f290 f   PSINS.obj
 0001:0002e300       ??5CFileCfg@@QAEAAV0@AAM@Z 0042f300 f   PSINS.obj
 0001:0002e380       ??5CFileCfg@@QAEAAV0@AAN@Z 0042f380 f   PSINS.obj
 0001:0002e410       ??5CFileCfg@@QAEAAV0@AAVCVect3@@@Z 0042f410 f   PSINS.obj
 0001:0002e4a0       ??5CFileCfg@@QAEAAV0@AAVCQuat@@@Z 0042f4a0 f   PSINS.obj
 0001:0002e540       ??5CFileCfg@@QAEAAV0@AAVCMat3@@@Z 0042f540 f   PSINS.obj
 0001:0002e5e0       ??4CFileCfg@@QAEAAV0@AAV0@@Z 0042f5e0 f   PSINS.obj
 0001:0002e620       ?WriteCfg@@YA?AVCFileCfg@@PBD0@Z 0042f620 f   PSINS.obj
 0001:0002e700       ?ReadCfg@@YA?AVCFileCfg@@PBD0@Z 0042f700 f   PSINS.obj
 0001:0002e7e0       ??0CRMemory@@QAE@XZ        0042f7e0 f   PSINS.obj
 0001:0002e810       ??0CRMemory@@QAE@JH@Z      0042f810 f   PSINS.obj
 0001:0002e890       ??0CRMemory@@QAE@PAEJH@Z   0042f890 f   PSINS.obj
 0001:0002e8e0       ?Init@CRMemory@@QAEXPAEJH@Z 0042f8e0 f   PSINS.obj
 0001:0002e980       ??1CRMemory@@QAE@XZ        0042f980 f   PSINS.obj
 0001:0002e9d0       ??4CRMemory@@QAEXABV0@@Z   0042f9d0 f   PSINS.obj
 0001:0002eb10       ?pop@CRMemory@@QAEEPAE@Z   0042fb10 f   PSINS.obj
 0001:0002ec00       ?get@CRMemory@@QAEPAEH@Z   0042fc00 f   PSINS.obj
 0001:0002ec60       ?set@CRMemory@@QAEPAEHPBE@Z 0042fc60 f   PSINS.obj
 0001:0002ed00       ?push@CRMemory@@QAEHPBE@Z  0042fd00 f   PSINS.obj
 0001:0002ee00       ??0CSmooth@@QAE@HH@Z       0042fe00 f   PSINS.obj
 0001:0002ef50       ??1CSmooth@@QAE@XZ         0042ff50 f   PSINS.obj
 0001:0002efc0       ?Update@CSmooth@@QAE?AVCVect@@PBNPAN@Z 0042ffc0 f   PSINS.obj
 0001:0002f110       ??0CInterp@@QAE@PAPANHH@Z  00430110 f   PSINS.obj
 0001:0002f250       ??0CInterp@@QAE@PBDH@Z     00430250 f   PSINS.obj
 0001:0002f470       ??1CInterp@@QAE@XZ         00430470 f   PSINS.obj
 0001:0002f520       ?Interp@CInterp@@QAENNPAN@Z 00430520 f   PSINS.obj
 0001:0002f800       ?flipud@@YAPAEPAEHH@Z      00430800 f   PSINS.obj
 0001:0002f920       ?deal32@@YAXPAMZZ          00430920 f   PSINS.obj
 0001:0002f9a0       ?deal@@YAXPANZZ            004309a0 f   PSINS.obj
 0001:0002fa20       ??0CContinuousCnt@@QAE@H@Z 00430a20 f   PSINS.obj
 0001:0002fa70       ?Update@CContinuousCnt@@QAEHH@Z 00430a70 f   PSINS.obj
 0001:0002fb10       ?Alignsb@@YA?AVCVect3@@ABV1@0N@Z 00430b10 f   PSINS.obj
 0001:0002fd60       ?Alignsb@@YA?AVCVect3@@ABV1@00@Z 00430d60 f   PSINS.obj
 0001:0002fdc0       ??0CAlignsb@@QAE@NN@Z      00430dc0 f   PSINS.obj
 0001:0002fe90       ??0CAlignsb@@QAE@ABVCVect3@@N@Z 00430e90 f   PSINS.obj
 0001:0002ff60       ?Init@CAlignsb@@QAEXNN@Z   00430f60 f   PSINS.obj
 0001:0002ffd0       ?Init@CAlignsb@@QAEXABVCVect3@@N@Z 00430fd0 f   PSINS.obj
 0001:000300b0       ?SetYaw@CAlignsb@@QAEXN@Z  004310b0 f   PSINS.obj
 0001:000300f0       ?Update@CAlignsb@@QAE?AVCQuat@@PBVCVect3@@0HN@Z 004310f0 f   PSINS.obj
 0001:000302f0       ??0CAligni0@@QAE@ABVCVect3@@0H@Z 004312f0 f   PSINS.obj
 0001:00030450       ?Init@CAligni0@@QAEXABVCVect3@@0H@Z 00431450 f   PSINS.obj
 0001:000305e0       ?Update@CAligni0@@QAE?AVCQuat@@PBVCVect3@@0HNABV3@@Z 004315e0 f   PSINS.obj
 0001:00030c50       ??0CAligni0fit@@QAE@XZ     00431c50 f   PSINS.obj
 0001:00030d50       ??0CAligni0fit@@QAE@ABVCVect3@@@Z 00431d50 f   PSINS.obj
 0001:00030e60       ?Init@CAligni0fit@@QAEXABVCVect3@@@Z 00431e60 f   PSINS.obj
 0001:000310b0       ?Update@CAligni0fit@@QAE?AVCQuat@@PBVCVect3@@0HN@Z 004320b0 f   PSINS.obj
 0001:00031840       ?pi0t@CAligni0fit@@QAE?AVCVect3@@N@Z 00432840 f   PSINS.obj
 0001:00031960       ?pib0t@CAligni0fit@@QAE?AVCVect3@@N@Z 00432960 f   PSINS.obj
 0001:00031a40       ??0CAlignkf@@QAE@XZ        00432a40 f   PSINS.obj
 0001:00031aa0       ??0CAlignkf@@QAE@N@Z       00432aa0 f   PSINS.obj
 0001:00031b50       ??0CAlignkf@@QAE@ABVCSINS@@N@Z 00432b50 f   PSINS.obj
 0001:00031bd0       ?Init@CAlignkf@@QAEXABVCSINS@@@Z 00432bd0 f   PSINS.obj
 0001:000320c0       ?Update@CAlignkf@@QAEHPBVCVect3@@0HNH@Z 004330c0 f   PSINS.obj
 0001:000321a0       ?Update@CAlignkf@@QAEHPBVCVect3@@0HNABV2@H@Z 004331a0 f   PSINS.obj
 0001:00032290       ??0CAligntrkang@@QAE@NNNN@Z 00433290 f   PSINS.obj
 0001:00032370       ?Init@CAligntrkang@@QAEXABVCSINS@@@Z 00433370 f   PSINS.obj
 0001:00032850       ?Update@CAligntrkang@@QAEHPBVCVect3@@0HNABV2@H@Z 00433850 f   PSINS.obj
 0001:00032b60       ??0CAlignsv@@QAE@XZ        00433b60 f   PSINS.obj
 0001:00032bc0       ??0CAlignsv@@QAE@N@Z       00433bc0 f   PSINS.obj
 0001:00032c40       ??0CAlignsv@@QAE@ABVCVect3@@NNN@Z 00433c40 f   PSINS.obj
 0001:00032ce0       ?Init@CAlignsv@@QAEXABVCVect3@@NNN@Z 00433ce0 f   PSINS.obj
 0001:00032ec0       ??1CAlignsv@@QAE@XZ        00433ec0 f   PSINS.obj
 0001:00032f40       ?Update@CAlignsv@@QAEHPBVCVect3@@0H@Z 00433f40 f   PSINS.obj
 0001:00033190       ??0CAligntf@@QAE@N@Z       00434190 f   PSINS.obj
 0001:00033240       ??0CAligntf@@QAE@ABVCSINS@@N@Z 00434240 f   PSINS.obj
 0001:000332c0       ?Init@CAligntf@@QAEXABVCSINS@@@Z 004342c0 f   PSINS.obj
 0001:000337d0       ?SetFt@CAligntf@@UAEXH@Z   004347d0 f   PSINS.obj
 0001:00033850       ?SetHk@CAligntf@@UAEXH@Z   00434850 f   PSINS.obj
 0001:00033990       ?Feedback@CAligntf@@UAEXHN@Z 00434990 f   PSINS.obj
 0001:00033a80       ?Update@CAligntf@@QAEHPBVCVect3@@0HNH@Z 00434a80 f   PSINS.obj
 0001:00033b10       ?SetMeasVnAtt@CAligntf@@QAEXABVCVect3@@0@Z 00434b10 f   PSINS.obj
 0001:00033c90       ??6CAligntf@@QAEXAAVCFileRdWt@@@Z 00434c90 f   PSINS.obj
 0001:00033d50       ??0CUartPP@@QAE@HG@Z       00434d50 f   PSINS.obj
 0001:00033e20       ?checksum@CUartPP@@QAEHPBE@Z 00434e20 f   PSINS.obj
 0001:00033f00       ?push@CUartPP@@QAEHPBEH@Z  00434f00 f   PSINS.obj
 0001:00033fe0       ?nextIdx@CUartPP@@QAEHH@Z  00434fe0 f i PSINS.obj
 0001:00034030       ?pop@CUartPP@@QAEHPAE@Z    00435030 f   PSINS.obj
 0001:00034200       ?safeWrite@CUartPP@@QAEHAAVCFileRdWt@@H@Z 00435200 f   PSINS.obj
 0001:000342c0       ?chksum8@@YAEPBEH@Z        004352c0 f   PSINS.obj
 0001:00034310       ?chksum16@@YAGPBGH@Z       00435310 f   PSINS.obj
 0001:00034370       ?makefrm@@YAHPAXZZ         00435370 f   PSINS.obj
 0001:00034440       ?flt22db@@YANMM@Z          00435440 f   PSINS.obj
 0001:00034490       ?db2flt2@@YAXNPAM0@Z       00435490 f   PSINS.obj
 0001:00034520       ?iga2flt@@YAHPAMPBN1111@Z  00435520 f   PSINS.obj
 0001:00034860       ?swap16@@YAGG@Z            00435860 f   PSINS.obj
 0001:000348b0       ?swap24@@YAPAEPAE0@Z       004358b0 f   PSINS.obj
 0001:00034910       ?swap32@@YAII@Z            00435910 f   PSINS.obj
 0001:00034980       ?swap64@@YAKK@Z            00435980 f   PSINS.obj
 0001:00034a20       ?swapbytes@@YAPAEPAEH@Z    00435a20 f   PSINS.obj
 0001:00034b80       ?int24@@YAPAEPAEH@Z        00435b80 f   PSINS.obj
 0001:00034bf0       ?diffint24@@YAHPBE0@Z      00435bf0 f   PSINS.obj
 0001:00034cd0       ?i24i32@@YAHPBE@Z          00435cd0 f   PSINS.obj
 0001:00034d50       ?r2dm@@YANN@Z              00435d50 f   PSINS.obj
 0001:00034df0       ?dm2r@@YANN@Z              00435df0 f   PSINS.obj
 0001:00034e90       ?logtrigger@@YAHHN@Z       00435e90 f   PSINS.obj
 0001:00034f00       ?IsZero@@YAHNN@Z           00435f00 f i PSINS.obj
 0001:00034f50       ?sign@@YAHNN@Z             00435f50 f   PSINS.obj
 0001:00034fb0       ?range@@YANNNN@Z           00435fb0 f   PSINS.obj
 0001:00035020       ?maxn@@YANPBNH@Z           00436020 f   PSINS.obj
 0001:00035090       ?minn@@YANPBNH@Z           00436090 f   PSINS.obj
 0001:00035100       ?norm1@@YANPBNH@Z          00436100 f   PSINS.obj
 0001:00035180       ?norm@@YANPBNH@Z           00436180 f   PSINS.obj
 0001:00035200       ?normInf@@YANPBNH@Z        00436200 f   PSINS.obj
 0001:00035290       ?attract@@YANNNN@Z         00436290 f   PSINS.obj
 0001:00035300       ?polyval@@YANPBNHN@Z       00436300 f   PSINS.obj
 0001:00035360       ?atan2Ex@@YANNN@Z          00436360 f   PSINS.obj
 0001:00035400       ?diffYaw@@YANNN@Z          00436400 f   PSINS.obj
 0001:00035470       ?MKQt@@YANNN@Z             00436470 f   PSINS.obj
 0001:000354a0       ?MKQt@@YA?AVCVect3@@ABV1@0@Z 004364a0 f   PSINS.obj
 0001:00035530       ?unixt2gpst@@YANNH@Z       00436530 f   PSINS.obj
 0001:00035580       ?chkhdr@@YAHPBD0@Z         00436580 f   PSINS.obj
 0001:000355f0       ?randn@@YANNN@Z            004365f0 f   PSINS.obj
 0001:000356b0       ?randn@@YA?AVCVect3@@ABV1@0@Z 004366b0 f   PSINS.obj
 0001:00035760       ?randn@@YA?AVCVect@@ABV1@0@Z 00436760 f   PSINS.obj
 0001:00035860       ?randn@@YA?AVCMat3@@ABV1@ABN@Z 00436860 f   PSINS.obj
 0001:00035900       ?randn@@YA?AVCMat@@ABV1@ABN@Z 00436900 f   PSINS.obj
 0001:000359f0       ?deci@@YAPAHHPAH@Z         004369f0 f   PSINS.obj
 0001:00035b00       ?add@@YAXAAVCVect3@@ABV1@1@Z 00436b00 f   PSINS.obj
 0001:00035b60       ?add@@YAXAAVCMat3@@ABV1@1@Z 00436b60 f   PSINS.obj
 0001:00035c20       ?add@@YAXAAVCVect@@ABV1@1@Z 00436c20 f   PSINS.obj
 0001:00035ca0       ?add@@YAXAAVCMat@@ABV1@1@Z 00436ca0 f   PSINS.obj
 0001:00035d20       ?sub@@YAXAAVCVect3@@ABV1@1@Z 00436d20 f   PSINS.obj
 0001:00035d80       ?sub@@YAXAAVCMat3@@ABV1@1@Z 00436d80 f   PSINS.obj
 0001:00035e40       ?sub@@YAXAAVCVect@@ABV1@1@Z 00436e40 f   PSINS.obj
 0001:00035ec0       ?sub@@YAXAAVCMat@@ABV1@1@Z 00436ec0 f   PSINS.obj
 0001:00035f40       ?cros@@YAXAAVCVect3@@ABV1@1@Z 00436f40 f   PSINS.obj
 0001:00035fe0       ?dotmul@@YAXAAVCVect3@@ABV1@1@Z 00436fe0 f   PSINS.obj
 0001:00036040       ?dotdiv@@YAXAAVCVect3@@ABV1@1@Z 00437040 f   PSINS.obj
 0001:000360a0       ?mul@@YAXAAVCVect3@@ABV1@ABN@Z 004370a0 f   PSINS.obj
 0001:000360f0       ?mul@@YAXAAVCMat3@@ABV1@ABN@Z 004370f0 f   PSINS.obj
 0001:000361b0       ?mul@@YAXAAVCVect@@ABV1@ABN@Z 004371b0 f   PSINS.obj
 0001:00036240       ?mul@@YAXAAVCVect@@ABVCMat@@ABV1@@Z 00437240 f   PSINS.obj
 0001:00036320       ?mul@@YAXAAVCMat@@ABV1@ABN@Z 00437320 f   PSINS.obj
 0001:000363b0       ?mul@@YAXAAVCVect3@@ABVCMat3@@ABV1@@Z 004373b0 f   PSINS.obj
 0001:00036460       ?mul@@YAXAAVCVect3@@ABV1@ABVCMat3@@@Z 00437460 f   PSINS.obj
 0001:00036510       ?mul@@YAXAAVCMat3@@ABV1@1@Z 00437510 f   PSINS.obj
 0001:00036710       ?mul@@YAXAAVCQuat@@ABV1@1@Z 00437710 f   PSINS.obj
 0001:00036840       ?mul@@YAXAAVCVect3@@ABVCQuat@@ABV1@@Z 00437840 f   PSINS.obj
 0001:000369a0       ?_TT@@YAXAAVCMat3@@ABV1@@Z 004379a0 f   PSINS.obj
 0001:00036a60       ?rv2q@@YAXAAVCQuat@@ABVCVect3@@@Z 00437a60 f   PSINS.obj
 0001:00036b80       ?qdelphi@@YAXAAVCQuat@@ABVCVect3@@@Z 00437b80 f   PSINS.obj
 0001:00036ca0       ?q2mat@@YAXAAVCMat3@@ABVCQuat@@@Z 00437ca0 f   PSINS.obj
 0001:00036de0       ?m2att@@YAXAAVCVect3@@ABVCMat3@@@Z 00437de0 f   PSINS.obj
 0001:00036f70       _asinf                     00437f70 f i PSINS.obj
 0001:00036fb0       _atan2f                    00437fb0 f i PSINS.obj
 0001:00037000       ?AXbt@@YAXAAVCVect3@@ABVCMat3@@ABV1@2ABN@Z 00438000 f   PSINS.obj
 0001:000370f0       ?ClassSizeDisp@@YAXH@Z     004380f0 f   PSINS.obj
 0001:00037210       ?Demo_User@@YAXXZ          00438210 f   PSINS_Demo.obj
 0001:000372e0       ?Demo_CIIRV3@@YAXXZ        004382e0 f   PSINS_Demo.obj
 0001:000374c0       ?Demo_CMaxMin@@YAXXZ       004384c0 f   PSINS_Demo.obj
 0001:00037630       ?Demo_CVAR@@YAXXZ          00438630 f   PSINS_Demo.obj
 0001:00037780       ?Demo_CVARn@@YAXXZ         00438780 f   PSINS_Demo.obj
 0001:000378f0       ?Demo_CRAvar@@YAXXZ        004388f0 f   PSINS_Demo.obj
 0001:00037a80       ?Demo_CSINS_static@@YAXXZ  00438a80 f   PSINS_Demo.obj
 0001:00037df0       ?Demo_CSINS_Error@@YAXXZ   00438df0 f   PSINS_Demo.obj
 0001:00038590       ?Demo_Extern_C_example@@YAXXZ 00439590 f   PSINS_Demo.obj
 0001:000385b0       ?Demo_CAlignsv@@YAXXZ      004395b0 f   PSINS_Demo.obj
 0001:00038770       ??0CFileIMU6@@QAE@PBD@Z    00439770 f i PSINS_Demo.obj
 0001:00038a10       ?load@CFileIMU6@@QAEHHH@Z  00439a10 f i PSINS_Demo.obj
 0001:00038b20       ??1CFileIMU6@@QAE@XZ       00439b20 f i PSINS_Demo.obj
 0001:00038b60       ?Demo_CAligntf@@YAXXZ      00439b60 f   PSINS_Demo.obj
 0001:00038e20       ?Demo_CAlign_CSINS@@YAXXZ  00439e20 f   PSINS_Demo.obj
 0001:000390b0       ?Demo_CSINSGNSS@@YAXXZ     0043a0b0 f   PSINS_Demo.obj
 0001:000395c0       ??0CFileIMUGNSS@@QAE@PBD@Z 0043a5c0 f i PSINS_Demo.obj
 0001:000397c0       ?load@CFileIMUGNSS@@QAEHH@Z 0043a7c0 f i PSINS_Demo.obj
 0001:00039830       ??1CFileIMUGNSS@@QAE@XZ    0043a830 f i PSINS_Demo.obj
 0001:00039870       ?Demo_CSINSGNSSDR@@YAXXZ   0043a870 f   PSINS_Demo.obj
 0001:00039b50       ??0CFileRdSr49@@QAE@PBD@Z  0043ab50 f i PSINS_Demo.obj
 0001:00039c50       ?load@CFileRdSr49@@QAEHH@Z 0043ac50 f i PSINS_Demo.obj
 0001:00039e10       ?waitforgps@CFileRdSr49@@QAEHXZ 0043ae10 f i PSINS_Demo.obj
 0001:00039e80       ??0DataSensor49@@QAE@XZ    0043ae80 f i PSINS_Demo.obj
 0001:00039f10       ??1CFileRdSr49@@QAE@XZ     0043af10 f i PSINS_Demo.obj
 0001:00039f50       ?Demo_SINSOD@@YAXXZ        0043af50 f   PSINS_Demo.obj
 0001:0003a1e0       ?Demo_POS618@@YAXXZ        0043b1e0 f   PSINS_Demo.obj
 0001:0003a2f0       ?Demo_CNS_PrecNut@@YAXXZ   0043b2f0 f   PSINS_Demo.obj
 0001:0003a4d0       ?Demo_SINSCNS@@YAXXZ       0043b4d0 f   PSINS_Demo.obj
 0001:0003a820       ?Demo_IMUTempCompensate@@YAXXZ 0043b820 f   PSINS_Demo.obj
 0001:0003a910       ?Demo_CVCFileFind@@YAXXZ   0043b910 f   PSINS_Demo.obj
 0001:0003a930       ?Demo_DSP_main@@YAXXZ      0043b930 f   PSINS_Demo.obj
 0001:0003a950       ?Demo_CONSOLE_UART@@YAXXZ  0043b950 f   PSINS_Demo.obj
 0001:0003a970       ?Demo_COMMON_UART@@YAXXZ   0043b970 f   PSINS_Demo.obj
 0001:0003a990       ?Demo_Cfg@@YAXXZ           0043b990 f   PSINS_Demo.obj
 0001:0003ab90       ?Demo_CPolyfit@@YAXXZ      0043bb90 f   PSINS_Demo.obj
 0001:0003ae00       ?Demo_CAligni0@@YAXXZ      0043be00 f   PSINS_Demo.obj
 0001:0003b0c0       ?Demo_SysClbt@@YAXXZ       0043c0c0 f   PSINS_Demo.obj
 0001:0003b540       ?Demo_GKP@@YAXXZ           0043c540 f   PSINS_Demo.obj
 0001:0003b720       ?Demo_CIMUInc@@YAXXZ       0043c720 f   PSINS_Demo.obj
 0001:0003b8a0       ?Demo_Extract_Txt_File@@YAXXZ 0043c8a0 f   PSINS_Demo.obj
 0001:0003ba20       ?Demo_operator_pointer_run_time@@YAXXZ 0043ca20 f   PSINS_Demo.obj
 0001:0003bc70       ?getRegKeyValues@@YA_NV?$basic_string@DU?$char_traits@D@std@@V?$allocator@D@2@@std@@AAV?$list@V?$basic_string@DU?$char_traits@D@std@@V?$allocator@D@2@@std@@V?$allocator@V?$basic_string@DU?$char_traits@D@std@@V?$allocator@D@2@@std@@@2@@2@@Z 0043cc70 f   SerialPort.obj
 0001:0003bf80       ??0CSerialPort@itas109@@QAE@XZ 0043cf80 f   SerialPort.obj
 0001:0003c0d0       ??1CSerialPort@itas109@@UAE@XZ 0043d0d0 f   SerialPort.obj
 0001:0003c1c0       ?InitPort@CSerialPort@itas109@@QAEHPAUHWND__@@IIDIIKIKKKKK@Z 0043d1c0 f   SerialPort.obj
 0001:0003c760       ?CommThread@CSerialPort@itas109@@KGKPAX@Z 0043d760 f   SerialPort.obj
 0001:0003cbc0       ?StartMonitoring@CSerialPort@itas109@@QAEHXZ 0043dbc0 f   SerialPort.obj
 0001:0003cc30       ?ResumeMonitoring@CSerialPort@itas109@@QAEHXZ 0043dc30 f   SerialPort.obj
 0001:0003cc80       ?SuspendMonitoring@CSerialPort@itas109@@QAEHXZ 0043dc80 f   SerialPort.obj
 0001:0003ccd0       ?IsThreadSuspend@CSerialPort@itas109@@QAEHPAX@Z 0043dcd0 f   SerialPort.obj
 0001:0003cd40       ?ProcessErrorMessage@CSerialPort@itas109@@IAEXPAD@Z 0043dd40 f   SerialPort.obj
 0001:0003ce00       ?WriteChar@CSerialPort@itas109@@KAXPAV12@@Z 0043de00 f   SerialPort.obj
 0001:0003d130       ?ReceiveChar@CSerialPort@itas109@@KAXPAV12@@Z 0043e130 f   SerialPort.obj
 0001:0003d3f0       ?ReceiveStr@CSerialPort@itas109@@KAXPAV12@@Z 0043e3f0 f   SerialPort.obj
 0001:0003d6f0       ?GetDCB@CSerialPort@itas109@@QAE?AU_DCB@@XZ 0043e6f0 f   SerialPort.obj
 0001:0003d730       ?GetCommEvents@CSerialPort@itas109@@QAEKXZ 0043e730 f   SerialPort.obj
 0001:0003d760       ?GetWriteBufferSize@CSerialPort@itas109@@QAEKXZ 0043e760 f   SerialPort.obj
 0001:0003d790       ?IsOpened@CSerialPort@itas109@@QAEHXZ 0043e790 f   SerialPort.obj
 0001:0003d7d0       ?ClosePort@CSerialPort@itas109@@QAEXXZ 0043e7d0 f   SerialPort.obj
 0001:0003d990       ?WriteToPort@CSerialPort@itas109@@QAEXPADI@Z 0043e990 f   SerialPort.obj
 0001:0003da80       ?WriteToPort@CSerialPort@itas109@@QAEXPAEI@Z 0043ea80 f   SerialPort.obj
 0001:0003db70       ?GetVersion@CSerialPort@itas109@@QAE?AV?$basic_string@DU?$char_traits@D@std@@V?$allocator@D@2@@std@@XZ 0043eb70 f   SerialPort.obj
 0001:0003dc10       ??0CSerialPortInfo@itas109@@QAE@XZ 0043ec10 f   SerialPort.obj
 0001:0003dc40       ??1CSerialPortInfo@itas109@@QAE@XZ 0043ec40 f   SerialPort.obj
 0001:0003dc70       ?availablePorts@CSerialPortInfo@itas109@@SA?AV?$list@V?$basic_string@DU?$char_traits@D@std@@V?$allocator@D@2@@std@@V?$allocator@V?$basic_string@DU?$char_traits@D@std@@V?$allocator@D@2@@std@@@2@@std@@XZ 0043ec70 f   SerialPort.obj
 0001:0003dd40       ??0?$basic_string@DU?$char_traits@D@std@@V?$allocator@D@2@@std@@QAE@ABV?$allocator@D@1@@Z 0043ed40 f i SerialPort.obj
 0001:0003dd90       ??0?$basic_string@DU?$char_traits@D@std@@V?$allocator@D@2@@std@@QAE@ABV01@@Z 0043ed90 f i SerialPort.obj
 0001:0003ddf0       ??0?$basic_string@DU?$char_traits@D@std@@V?$allocator@D@2@@std@@QAE@PBDABV?$allocator@D@1@@Z 0043edf0 f i SerialPort.obj
 0001:0003de50       ??1?$basic_string@DU?$char_traits@D@std@@V?$allocator@D@2@@std@@QAE@XZ 0043ee50 f i SerialPort.obj
 0001:0003de90       ??4?$basic_string@DU?$char_traits@D@std@@V?$allocator@D@2@@std@@QAEAAV01@ABV01@@Z 0043ee90 f i SerialPort.obj
 0001:0003ded0       ?c_str@?$basic_string@DU?$char_traits@D@std@@V?$allocator@D@2@@std@@QBEPBDXZ 0043eed0 f i SerialPort.obj
 0001:0003df20       ??0?$list@UserialPortBuffer@@V?$allocator@UserialPortBuffer@@@std@@@std@@QAE@ABV?$allocator@UserialPortBuffer@@@1@@Z 0043ef20 f i SerialPort.obj
 0001:0003df80       ??1?$list@UserialPortBuffer@@V?$allocator@UserialPortBuffer@@@std@@@std@@QAE@XZ 0043ef80 f i SerialPort.obj
 0001:0003e000       ?begin@?$list@UserialPortBuffer@@V?$allocator@UserialPortBuffer@@@std@@@std@@QAE?AViterator@12@XZ 0043f000 f i SerialPort.obj
 0001:0003e060       ?end@?$list@UserialPortBuffer@@V?$allocator@UserialPortBuffer@@@std@@@std@@QAE?AViterator@12@XZ 0043f060 f i SerialPort.obj
 0001:0003e0b0       ?size@?$list@UserialPortBuffer@@V?$allocator@UserialPortBuffer@@@std@@@std@@QBEIXZ 0043f0b0 f i SerialPort.obj
 0001:0003e0e0       ?push_back@?$list@UserialPortBuffer@@V?$allocator@UserialPortBuffer@@@std@@@std@@QAEXABUserialPortBuffer@@@Z 0043f0e0 f i SerialPort.obj
 0001:0003e130       ?erase@?$list@UserialPortBuffer@@V?$allocator@UserialPortBuffer@@@std@@@std@@QAE?AViterator@12@V312@@Z 0043f130 f i SerialPort.obj
 0001:0003e210       ??0iterator@?$list@UserialPortBuffer@@V?$allocator@UserialPortBuffer@@@std@@@std@@QAE@XZ 0043f210 f i SerialPort.obj
 0001:0003e250       ??Diterator@?$list@UserialPortBuffer@@V?$allocator@UserialPortBuffer@@@std@@@std@@QBEAAUserialPortBuffer@@XZ 0043f250 f i SerialPort.obj
 0001:0003e290       ??Eiterator@?$list@UserialPortBuffer@@V?$allocator@UserialPortBuffer@@@std@@@std@@QAE?AV012@H@Z 0043f290 f i SerialPort.obj
 0001:0003e2e0       ??9iterator@?$list@UserialPortBuffer@@V?$allocator@UserialPortBuffer@@@std@@@std@@QBE_NABV012@@Z 0043f2e0 f i SerialPort.obj
 0001:0003e330       ??0?$list@V?$basic_string@DU?$char_traits@D@std@@V?$allocator@D@2@@std@@V?$allocator@V?$basic_string@DU?$char_traits@D@std@@V?$allocator@D@2@@std@@@2@@std@@QAE@ABV?$allocator@V?$basic_string@DU?$char_traits@D@std@@V?$allocator@D@2@@std@@@1@@Z 0043f330 f i SerialPort.obj
 0001:0003e390       ??0?$list@V?$basic_string@DU?$char_traits@D@std@@V?$allocator@D@2@@std@@V?$allocator@V?$basic_string@DU?$char_traits@D@std@@V?$allocator@D@2@@std@@@2@@std@@QAE@ABV01@@Z 0043f390 f i SerialPort.obj
 0001:0003e420       ??1?$list@V?$basic_string@DU?$char_traits@D@std@@V?$allocator@D@2@@std@@V?$allocator@V?$basic_string@DU?$char_traits@D@std@@V?$allocator@D@2@@std@@@2@@std@@QAE@XZ 0043f420 f i SerialPort.obj
 0001:0003e4a0       ?empty@?$list@V?$basic_string@DU?$char_traits@D@std@@V?$allocator@D@2@@std@@V?$allocator@V?$basic_string@DU?$char_traits@D@std@@V?$allocator@D@2@@std@@@2@@std@@QBE_NXZ 0043f4a0 f i SerialPort.obj
 0001:0003e4e0       ?push_back@?$list@V?$basic_string@DU?$char_traits@D@std@@V?$allocator@D@2@@std@@V?$allocator@V?$basic_string@DU?$char_traits@D@std@@V?$allocator@D@2@@std@@@2@@std@@QAEXABV?$basic_string@DU?$char_traits@D@std@@V?$allocator@D@2@@2@@Z 0043f4e0 f i SerialPort.obj
 0001:0003e530       ?clear@?$list@V?$basic_string@DU?$char_traits@D@std@@V?$allocator@D@2@@std@@V?$allocator@V?$basic_string@DU?$char_traits@D@std@@V?$allocator@D@2@@std@@@2@@std@@QAEXXZ 0043f530 f i SerialPort.obj
 0001:0003e590       ?assign@?$basic_string@DU?$char_traits@D@std@@V?$allocator@D@2@@std@@QAEAAV12@ABV12@@Z 0043f590 f i SerialPort.obj
 0001:0003e5e0       ?assign@?$basic_string@DU?$char_traits@D@std@@V?$allocator@D@2@@std@@QAEAAV12@ABV12@II@Z 0043f5e0 f i SerialPort.obj
 0001:0003e760       ?copy@?$char_traits@D@std@@SAPADPADPBDI@Z 0043f760 f i SerialPort.obj
 0001:0003e7a0       ?size@?$basic_string@DU?$char_traits@D@std@@V?$allocator@D@2@@std@@QBEIXZ 0043f7a0 f i SerialPort.obj
 0001:0003e7d0       ?assign@?$basic_string@DU?$char_traits@D@std@@V?$allocator@D@2@@std@@QAEAAV12@PBD@Z 0043f7d0 f i SerialPort.obj
 0001:0003e820       ?length@?$char_traits@D@std@@SAIPBD@Z 0043f820 f i SerialPort.obj
 0001:0003e860       ?_Nullstr@?$basic_string@DU?$char_traits@D@std@@V?$allocator@D@2@@std@@CAPBDXZ 0043f860 f i SerialPort.obj
 0001:0003e890       ?_Tidy@?$basic_string@DU?$char_traits@D@std@@V?$allocator@D@2@@std@@AAEX_N@Z 0043f890 f i SerialPort.obj
 0001:0003e970       ?insert@?$list@UserialPortBuffer@@V?$allocator@UserialPortBuffer@@@std@@@std@@QAE?AViterator@12@V312@ABUserialPortBuffer@@@Z 0043f970 f i SerialPort.obj
 0001:0003ea50       ?erase@?$list@UserialPortBuffer@@V?$allocator@UserialPortBuffer@@@std@@@std@@QAE?AViterator@12@V312@0@Z 0043fa50 f i SerialPort.obj
 0001:0003eac0       ?_Buynode@?$list@UserialPortBuffer@@V?$allocator@UserialPortBuffer@@@std@@@std@@IAEPAU_Node@12@PAU312@0@Z 0043fac0 f i SerialPort.obj
 0001:0003eb50       ?_Freenode@?$list@UserialPortBuffer@@V?$allocator@UserialPortBuffer@@@std@@@std@@IAEXPAU_Node@12@@Z 0043fb50 f i SerialPort.obj
 0001:0003eb90       ?_Next@_Acc@?$list@UserialPortBuffer@@V?$allocator@UserialPortBuffer@@@std@@@std@@SAAAPAU_Node@23@PAU423@@Z 0043fb90 f i SerialPort.obj
 0001:0003ebc0       ?_Prev@_Acc@?$list@UserialPortBuffer@@V?$allocator@UserialPortBuffer@@@std@@@std@@SAAAPAU_Node@23@PAU423@@Z 0043fbc0 f i SerialPort.obj
 0001:0003ebf0       ?_Value@_Acc@?$list@UserialPortBuffer@@V?$allocator@UserialPortBuffer@@@std@@@std@@SAAAUserialPortBuffer@@PAU_Node@23@@Z 0043fbf0 f i SerialPort.obj
 0001:0003ec20       ?destroy@?$allocator@UserialPortBuffer@@@std@@QAEXPAUserialPortBuffer@@@Z 0043fc20 f i SerialPort.obj
 0001:0003ec60       ??0const_iterator@?$list@UserialPortBuffer@@V?$allocator@UserialPortBuffer@@@std@@@std@@QAE@XZ 0043fc60 f i SerialPort.obj
 0001:0003ec90       ?_Mynode@const_iterator@?$list@UserialPortBuffer@@V?$allocator@UserialPortBuffer@@@std@@@std@@QBEPAU_Node@23@XZ 0043fc90 f i SerialPort.obj
 0001:0003ecc0       ??0iterator@?$list@UserialPortBuffer@@V?$allocator@UserialPortBuffer@@@std@@@std@@QAE@PAU_Node@12@@Z 0043fcc0 f i SerialPort.obj
 0001:0003ed00       ??Eiterator@?$list@UserialPortBuffer@@V?$allocator@UserialPortBuffer@@@std@@@std@@QAEAAV012@XZ 0043fd00 f i SerialPort.obj
 0001:0003ed50       ??8iterator@?$list@UserialPortBuffer@@V?$allocator@UserialPortBuffer@@@std@@@std@@QBE_NABV012@@Z 0043fd50 f i SerialPort.obj
 0001:0003ed90       ?begin@?$list@V?$basic_string@DU?$char_traits@D@std@@V?$allocator@D@2@@std@@V?$allocator@V?$basic_string@DU?$char_traits@D@std@@V?$allocator@D@2@@std@@@2@@std@@QAE?AViterator@12@XZ 0043fd90 f i SerialPort.obj
 0001:0003edf0       ??0CSerialPort@itas109@@QAE@ABV01@@Z 0043fdf0 f i SerialPort.obj
 0001:0003ef80       ??0?$list@UserialPortBuffer@@V?$allocator@UserialPortBuffer@@@std@@@std@@QAE@ABV01@@Z 0043ff80 f i SerialPort.obj
 0001:0003f010       ?begin@?$list@UserialPortBuffer@@V?$allocator@UserialPortBuffer@@@std@@@std@@QBE?AVconst_iterator@12@XZ 00440010 f i SerialPort.obj
 0001:0003f070       ?end@?$list@UserialPortBuffer@@V?$allocator@UserialPortBuffer@@@std@@@std@@QBE?AVconst_iterator@12@XZ 00440070 f i SerialPort.obj
 0001:0003f0c0       ?insert@?$list@UserialPortBuffer@@V?$allocator@UserialPortBuffer@@@std@@@std@@QAEXViterator@12@Vconst_iterator@12@1@Z 004400c0 f i SerialPort.obj
 0001:0003f130       ??Dconst_iterator@?$list@UserialPortBuffer@@V?$allocator@UserialPortBuffer@@@std@@@std@@QBEABUserialPortBuffer@@XZ 00440130 f i SerialPort.obj
 0001:0003f170       ??Econst_iterator@?$list@UserialPortBuffer@@V?$allocator@UserialPortBuffer@@@std@@@std@@QAEAAV012@XZ 00440170 f i SerialPort.obj
 0001:0003f1c0       ??9const_iterator@?$list@UserialPortBuffer@@V?$allocator@UserialPortBuffer@@@std@@@std@@QBE_NABV012@@Z 004401c0 f i SerialPort.obj
 0001:0003f210       ?begin@?$list@V?$basic_string@DU?$char_traits@D@std@@V?$allocator@D@2@@std@@V?$allocator@V?$basic_string@DU?$char_traits@D@std@@V?$allocator@D@2@@std@@@2@@std@@QBE?AVconst_iterator@12@XZ 00440210 f i SerialPort.obj
 0001:0003f270       ?end@?$list@V?$basic_string@DU?$char_traits@D@std@@V?$allocator@D@2@@std@@V?$allocator@V?$basic_string@DU?$char_traits@D@std@@V?$allocator@D@2@@std@@@2@@std@@QAE?AViterator@12@XZ 00440270 f i SerialPort.obj
 0001:0003f2c0       ?end@?$list@V?$basic_string@DU?$char_traits@D@std@@V?$allocator@D@2@@std@@V?$allocator@V?$basic_string@DU?$char_traits@D@std@@V?$allocator@D@2@@std@@@2@@std@@QBE?AVconst_iterator@12@XZ 004402c0 f i SerialPort.obj
 0001:0003f310       ?size@?$list@V?$basic_string@DU?$char_traits@D@std@@V?$allocator@D@2@@std@@V?$allocator@V?$basic_string@DU?$char_traits@D@std@@V?$allocator@D@2@@std@@@2@@std@@QBEIXZ 00440310 f i SerialPort.obj
 0001:0003f340       ?insert@?$list@V?$basic_string@DU?$char_traits@D@std@@V?$allocator@D@2@@std@@V?$allocator@V?$basic_string@DU?$char_traits@D@std@@V?$allocator@D@2@@std@@@2@@std@@QAE?AViterator@12@V312@ABV?$basic_string@DU?$char_traits@D@std@@V?$allocator@D@2@@2@@Z 00440340 f i SerialPort.obj
 0001:0003f420       ??4CSerialPort@itas109@@QAEAAV01@ABV01@@Z 00440420 f i SerialPort.obj
 0001:0003f5c0       ??4?$list@UserialPortBuffer@@V?$allocator@UserialPortBuffer@@@std@@@std@@QAEAAV01@ABV01@@Z 004405c0 f i SerialPort.obj
 0001:0003f6d0       ?insert@?$list@V?$basic_string@DU?$char_traits@D@std@@V?$allocator@D@2@@std@@V?$allocator@V?$basic_string@DU?$char_traits@D@std@@V?$allocator@D@2@@std@@@2@@std@@QAEXViterator@12@Vconst_iterator@12@1@Z 004406d0 f i SerialPort.obj
 0001:0003f740       ?erase@?$list@V?$basic_string@DU?$char_traits@D@std@@V?$allocator@D@2@@std@@V?$allocator@V?$basic_string@DU?$char_traits@D@std@@V?$allocator@D@2@@std@@@2@@std@@QAE?AViterator@12@V312@0@Z 00440740 f i SerialPort.obj
 0001:0003f7b0       ?_Buynode@?$list@V?$basic_string@DU?$char_traits@D@std@@V?$allocator@D@2@@std@@V?$allocator@V?$basic_string@DU?$char_traits@D@std@@V?$allocator@D@2@@std@@@2@@std@@IAEPAU_Node@12@PAU312@0@Z 004407b0 f i SerialPort.obj
 0001:0003f840       ??_GCSerialPort@itas109@@UAEPAXI@Z 00440840 f i SerialPort.obj
 0001:0003f8a0       ??_ECSerialPort@itas109@@UAEPAXI@Z 004408a0 f i SerialPort.obj
 0001:0003f940       ?_Freenode@?$list@V?$basic_string@DU?$char_traits@D@std@@V?$allocator@D@2@@std@@V?$allocator@V?$basic_string@DU?$char_traits@D@std@@V?$allocator@D@2@@std@@@2@@std@@IAEXPAU_Node@12@@Z 00440940 f i SerialPort.obj
 0001:0003f980       ?assign@?$basic_string@DU?$char_traits@D@std@@V?$allocator@D@2@@std@@QAEAAV12@PBDI@Z 00440980 f i SerialPort.obj
 0001:0003f9f0       ??4CSerialPortInfo@itas109@@QAEAAV01@ABV01@@Z 004409f0 f i SerialPort.obj
 0001:0003fa30       ?erase@?$basic_string@DU?$char_traits@D@std@@V?$allocator@D@2@@std@@QAEAAV12@II@Z 00440a30 f i SerialPort.obj
 0001:0003fb00       ?move@?$char_traits@D@std@@SAPADPADPBDI@Z 00440b00 f i SerialPort.obj
 0001:0003fb40       ?capacity@?$basic_string@DU?$char_traits@D@std@@V?$allocator@D@2@@std@@QBEIXZ 00440b40 f i SerialPort.obj
 0001:0003fb70       ?_Eos@?$basic_string@DU?$char_traits@D@std@@V?$allocator@D@2@@std@@AAEXI@Z 00440b70 f i SerialPort.obj
 0001:0003fbd0       ?assign@?$char_traits@D@std@@SAXAADABD@Z 00440bd0 f i SerialPort.obj
 0001:0003fc00       ?_Grow@?$basic_string@DU?$char_traits@D@std@@V?$allocator@D@2@@std@@AAE_NI_N@Z 00440c00 f i SerialPort.obj
 0001:0003fd60       ?_Refcnt@?$basic_string@DU?$char_traits@D@std@@V?$allocator@D@2@@std@@AAEAAEPBD@Z 00440d60 f i SerialPort.obj
 0001:0003fd90       ?deallocate@?$allocator@D@std@@QAEXPAXI@Z 00440d90 f i SerialPort.obj
 0001:0003fdd0       ?_Charalloc@?$allocator@UserialPortBuffer@@@std@@QAEPADI@Z 00440dd0 f i SerialPort.obj
 0001:0003fe10       ?deallocate@?$allocator@UserialPortBuffer@@@std@@QAEXPAXI@Z 00440e10 f i SerialPort.obj
 0001:0003fe50       ?construct@?$allocator@UserialPortBuffer@@@std@@QAEXPAUserialPortBuffer@@ABU3@@Z 00440e50 f i SerialPort.obj
 0001:0003fe90       ??0const_iterator@?$list@UserialPortBuffer@@V?$allocator@UserialPortBuffer@@@std@@@std@@QAE@PAU_Node@12@@Z 00440e90 f i SerialPort.obj
 0001:0003fed0       ??8const_iterator@?$list@UserialPortBuffer@@V?$allocator@UserialPortBuffer@@@std@@@std@@QBE_NABV012@@Z 00440ed0 f i SerialPort.obj
 0001:0003ff10       ?erase@?$list@V?$basic_string@DU?$char_traits@D@std@@V?$allocator@D@2@@std@@V?$allocator@V?$basic_string@DU?$char_traits@D@std@@V?$allocator@D@2@@std@@@2@@std@@QAE?AViterator@12@V312@@Z 00440f10 f i SerialPort.obj
 0001:0003fff0       ?_Next@_Acc@?$list@V?$basic_string@DU?$char_traits@D@std@@V?$allocator@D@2@@std@@V?$allocator@V?$basic_string@DU?$char_traits@D@std@@V?$allocator@D@2@@std@@@2@@std@@SAAAPAU_Node@23@PAU423@@Z 00440ff0 f i SerialPort.obj
[...]
FIXUPS: 4a6f7 7 10 fffffe53 35 18 a6 10 fffff089 34 24 cb 67 133 18 21
FIXUPS: 49a17 30 a8 e2 d5 ce b9 121c f 17 37 19 92 18 20 62 a f3 12 24
FIXUPS: 4b32d 1f 12 1e 26 f 1c 12 21 d a 13 16 13 28 14 15 14 7 62b 5e
FIXUPS: 4bb4f fffffead fffffc8f 38 78 fffffeb4 22 fffff37a 32 92 3f 6a
FIXUPS: 4ab0d 31 51 ba 3c 27 37 a 3f 25 b2 65 ce 36 12 38 4c 31 1a2a 17
FIXUPS: 4bbdb 1d 53 1d 2b 2c c 3a e 11 2f 44 c 3e e 11 182 1d8 1ac 2b 33
FIXUPS: 4c51a f4 27 36 44 c 10 16 c 208d fffffed3 3a ffffff09 1b c 10 29
FIXUPS: 4e61a fffffec1 45 fffffd3d a fffff6ef 4b 15d 19 18 c 25 15 3b 5b
FIXUPS: 4dc5d 6c c7 53 66 53 25 23 ffffe9b6 37f2 76 6c 62 20 77 27 70 46
FIXUPS: 50375 35 44 35 1c 147 8a 32 24 f ffffea9a fffffc37 2a 2a 227 fffff9f7
FIXUPS: 4e9cb dd 23f fffffaf9 82 2a fffffe95 c19 1aa 1d 118 1de 32 97 1f
FIXUPS: 4f937 a8 28 33 43 64 46 41 12 2f 4d 23 10 70 24 5a 46 2f c1 24
FIXUPS: 4ff56 39 76 4a 16aa 59 14 3f 6b fffffaa5 2f 80 36 fffffda5 2a 29
FIXUPS: 511cd 51 fffffe63 fffffd83 1ae fffffb5e 108 10 3e 54 4b 28 fffffadd
FIXUPS: 50aad ffffe709 2d 47 4a 9 19 309d 19 de0 7e5 236 11a 9e a3 102
FIXUPS: 53fbd ffffd958 1b 64 fffffebb 19 38 1d fffffb6a 17 31 30 18 3f
FIXUPS: 51502 13 70 10 5c 62 37 1b 40 3fab a fffffd1b 98 f6 fffff628 23
FIXUPS: 54b93 111 43 107 4a 12 5 25e 35 35 1e8 fffff83a fffffbc0 b6 7f
FIXUPS: 54852 62 38 61 18 28 ffffd0c6 23 3c 6ef 4568 fffffe07 36 28 1f
FIXUPS: 565b6 26 17 12 1c fffffcda ffffff70 d 11 2f 25 fffffdfa 50 c 5a
FIXUPS: 55bae 18 11b 21 4b 5d 17 b5 fffff92e 182 35 fffffd2b 26c5 30 10
FIXUPS: 574d5 a7 fffffa75 21 21 24 2a 23 fffffd00 1c 77 3a 59 15 17 1d
FIXUPS: 56f27 13 14 1a 19 fffffcd3 4a 94 2b fffff903 56 1e 13 1b98 fffffe4d
FIXUPS: 580f6 44 4b ffffff11 fffffe19 29 ffffffa0 17 fffff815 41 8c 14
FIXUPS: 579f4 19 1c 13 2a 3a 10 13 16 26 1e 41 93 20 68 82 10 30 178c 11
FIXUPS: 594ed 15 fffffabc 37 fffffc5f 2bf 2d 2f fffffaff 29 19 2c fffffd2e
FIXUPS: 5888f 69 33 8c 34 fffffc5f 14 fffffed3 72 13 24 17 fffffe5d 2b
FIXUPS: 581c6 2a 44 2030 fffffe7b fffffb63 48 141 52 35 140 fffffb7c 5f
FIXUPS: 59717 4d 40 40 43 4d 40 43 50 50 4d 65 60 fffffb20 fffffadb 2a0
FIXUPS: 5939e 34 37 60 21 20 1df8 43 33 24 bd 2d 9b 32 43 c 10 c fffff35c
FIXUPS: 5aa07 eb 1c8 8c 152 6d 238 13 fffff1f7 21 35 35 13a c 10 c 27 6c
FIXUPS: 5a247 256b 3c a7 19 28 c 21 fffff822 19 d9 13f 9e fffff9e4 70 4f
FIXUPS: 5c076 fffffa1f a7 fffffc9d 73 1c 1f 49 11 71 5f 1d c 47 fffffd4f
FIXUPS: 5b7b3 ffffff4b fffa5d98 5bf2b 1a 13 28 30 30 fffffd65 13 2b c 2a
FIXUPS: 5d29f c 2b 3d c 3a fffffe06 fffff8e7 fffffaae 45 29 3a 40 3e 33
FIXUPS: 5c698 59 5a c 19 fffa5034 c 7 7 17 31 ca 2a 44 7 12 2b 17 f f 12
FIXUPS: 19e3 5bb53 fffa44db d 39 1a fffff5be 19 3f b8 d3 bd 85 45 30 ba
FIXUPS: 37f5d 35 13 36 13 120 12 12 12 12 12 12 12 12 12 12 12 17 a d fffc937c
FIXUPS: 15a0 7d 41 2e 7 3d 7 28 52 7 45 34dc5 10 be 34 42 39 21 1f e 1c
FIXUPS: 36792 93 30 2d 4a 2a 13 2d 75 30 b6f 1b8 3ff 19 15 48 25 d ef 19e
FIXUPS: 37eb2 89 ffffcdfd d 226 4d 1e 10b a1 17 55 52 7 9 32 2e 20c 27
FIXUPS: 35667 3b 100 3b 54 22 548 9d 3a8 10 19b 1e 2c 16 11c 1c ffffe4b5
FIXUPS: 349f0 17 18 18 17 28 41 1f 19 10 43 28 1a 1e 13 2c 15 16 10 1e
FIXUPS: 34c44 d 21 10 85 7 7 7 7 7 7 fffff5bc 5c 17 17 b8 ae af 85 50 1f
FIXUPS: 346b1 27 c9 16 3c 14 14 19 d 43 19 1c 16 16 16 16 16 26 a 13 10
FIXUPS: 349c0 fffff2fd 10 121 2e 23 26 9 3c 2982b c fffd682f 26 13 46 4f
FIXUPS: 3408a 9 43 30 80 13 30 e e 29 9 13 45 e e 15 10 fffff13d 1f f2
FIXUPS: 335c2 f5 31 1f 31 2a 6f 67 3a 30 2f 1e 1d 24 b 86 24 35 c0 4a 2f
FIXUPS: 33b81 1a 19 35 1a 26 40 1a ffffef3d 3b b0 a7 9c 72 a7 4b 1f 31
FIXUPS: 32fc9 a5 45 46 1e 3d 42 43 c 26 20 24 29 21 30 e 66 9 13 44 12
FIXUPS: 333ce fffff3f9 25 13 35 ab 19 17 7 7 7 7 1f 48 2a 3b 1d 1c 31 e
FIXUPS: 32a7d 19 13 30 e e 29 9 13 45 e e 15 fffff8eb 10 7 18 21 d 10 3e
FIXUPS: 32553 10 10 a 4a d 30 10 a 2b 51 7 7 d 40 22 1b 21 18 a 7 7 1b
FIXUPS: 327b4 fffff6e4 b4 65 d 10 10 5d 4a 20 4c 27 13 48 7 7 c 2f 2a 3c
FIXUPS: 32241 16 19 43 10 49 af 23 4d 7 10 7 4b fffff7a9 34 b b b b b e
FIXUPS: 31cc4 e e e 2c e e 10 2b b b b b b e e e e e 2c e e c 10 fffff8e8
FIXUPS: 31744 10 31 3d c 23 24 7 9 16 2b 2c 16 2f 16 e4 19 3d 10 3c a6
FIXUPS: 31b29 44 d 10 10 a 40 10 a 7 fffff681 25 3b 2e b b b b e e e e
FIXUPS: 31386 e e e 2c e e e e 14 10 4a 12d 1f 5c 1e 2b 2d 59 d fffff6ff
FIXUPS: 30e10 e 2c e 18 10 34 b b b b e 2c e 14 10 4d 9 1c d3 d 9a f 2f
FIXUPS: 311d4 10 28 22 7 28 22 fffff256 27 17 2d1a4 b fffd2e8b 1fc a5 2f
FIXUPS: 30852 1d 27 2f 14 18 1a 22c 13 f 15 15 15 93 75 74 13 22 46 1f
FIXUPS: 30de4 b b fffff218 3b 16 15 27 37 29 50 40 28 f 73 2d41e c b fffd2c21
FIXUPS: 302b7 11 2c 32 49 6 f d 47 18 4c 24 2d227 c d c fffd2106 1d 2de46
FIXUPS: 5d620 fffd2228 1e 1b 3c 10 df 19 5e 2c 15 1d 75 10 2da 15 4a e
FIXUPS: 2fe5b 23 29 3d 5e 2d6f3 c fffd294e 22 3c 19 fffff1aa 48 13 4a 27
FIXUPS: 2f2c5 28 48 35 4b 43 4d 1e 2b 53 1e 2b 51 1e 2e ac 9 11 e 37 1d
FIXUPS: 5d5e5 b fffd2163 9 11 e fffff4fb 31 20 15 13 55 1a 88 1a 3f c 1a
FIXUPS: 2ee7c 17 1c 4b 15 1a 58 3c 13 3d 13 3d 13 3d 13 3d 13 3d 13 3d
FIXUPS: 2e5e9 10 75 f 10 68 34 34 d 10 ac 15 14 10 57 29 19 6e 21 1d 15
FIXUPS: 2ea30 31 45 31 31 29 13 13 7b 1d 15 fffff5a1 11 1d 10 32 13 23
FIXUPS: 2e28e c 1a 22 10 28 25 d 1f 46 d 10 43 d 10 48 d 10 52 d 10 5b
FIXUPS: 2e55e 10 6e fffff4a3 3d 13 3d 13 4b 13 4d 13 e4 13 14 3d 13 14
FIXUPS: 2dd74 21 d 13 37 21 1a 56 24 11b 27 6a 58 16 6f 40 c fffff613 7
FIXUPS: 2d797 7 7 7 45 7 7 7 7 7 d 62 7 7 7 7 d 47 13 7f 15 7 7 7 7 7 1d
FIXUPS: 2da1c 13 3d fffff881 4d 13 49 13 dd 7 7 7 7 7 7 15 4e 7 7 7 d 58
FIXUPS: 2d599 7 7 7 d 63 12 5f 12 54 7 7 d fffff634 15 e 1a 26 13 53 25
FIXUPS: 2ce64 21 e 1d 48 4b 11 10 59 2a 76 10 8d 11 3d 44 13 3d 13 3d 13
FIXUPS: 2d27c 13 4b ffffef73 20 10 75 15 13 42 19 3b 73 27 13 15 1d 2a
FIXUPS: 2c4e7 2d 20 11f 9b 64 5e 26 23 3c 100 f2 1b3 40 5a 25 7b ffffedf7
FIXUPS: 2bb18 15c 1c4 27 a 35 6 46 30 a 45 30 a 36 2a 37 c 20 1f 1f 13
FIXUPS: 2c0e0 1c 31 18 32 1c 2a 18 32 1c fffff3f6 28 a 7 2b 25 16 d a 38
FIXUPS: 2b75c 19 1c 26 10 a 7 d 2e 19 38 3a 18 18 e e e 10 58 33 d 144
FIXUPS: 2af40 65 10 24 19 b8 2a 25 a 7 32 f0 36 2e 23 1c 25 36 28 3d 1c
FIXUPS: 2b3cf 28 a 7 38 c5 1d 29 41 4b 1e fffff2b6 56 7 138 a d a 22 3c
FIXUPS: 2aad3 8 37 1f 43 25 23 f 12 25 12 18 2f 1f 3a e e e e 16 10 e4
FIXUPS: 2af1e fffff362 54 27 16 61 a 25 2b 2a 5d 72 10 a2 13 13 35 1b 33
FIXUPS: 2a62a 30 16 22 40 a d a 7 28 2b 32 10 6f fffff528 30 12 12 3c f
FIXUPS: 29dd2 47 9 d 8b 56 7 1e 42 5f 28 27 2f 33 103 d 5b e e e e e e
FIXUPS: 2a254 e e fffff2e3 31 16 1c c3 19 31 37 10 31 10 1c 4e 38 58 61
FIXUPS: 299a5 4c 59 38 10 57 2b 28 33 d 27 7 2d 13 b7 63 fffff317 10 c7
FIXUPS: 2910d 13 7 32 16 22 19 27 25 4f 30 7 13 7 36 16 2f d 19 d 25 b7
FIXUPS: 29439 30 3b 16 37 16 36 fffff219 16 30 58 a d a 7 32 32 a 32 16
FIXUPS: 288ff 13 16 3b 44 a d a 7 28 2b 2a 34 430 5b 77 45 1e f fffff2e4
FIXUPS: 282e2 32 16 2d 13 16 3b 19 28 2a 2b 34 39 22 27 7 32 27 7 2f 16
FIXUPS: 285dd 16 2d 20 32 30 16 32 32 a fffff0ec d 256 13 9 c 20 1d a d8
FIXUPS: 27c1e 4c d0 11 16 10 2ca 22 27 7 32 26 7 39 1d 2f 4c 33 a 4a 30
FIXUPS: 282a5 fffff35f e e e e e e e e e e e e e e e e e e e e e e e e
FIXUPS: 27762 e 14 14 1c 10 42 fffffbe0 e e e 14 14 1d c 10 51 e e e e
FIXUPS: 27508 e e e e e e e e e e e e e e e e e fffffc30 e e e e e e e
FIXUPS: 27296 e e e e e e e e e e e e e e e e e e e e e e e fffffc1e e
FIXUPS: 27012 e e e e e e e e e 14 14 29 a c 10 5b e e e e e e e e e e
FIXUPS: 271fc e e fffffc1e e e e e e e e e e e e e e e e e e e e e e e
FIXUPS: 26f78 e e e e e e e e fffffa85 4f d 15 d a 32 21 7 3c 7 d a 16
FIXUPS: 26c1e 7 13 21 1e 7 d 15 d a 42 99 50 e e e e e fffff56d 10 2dc
FIXUPS: 26717 b b b b b e e e e 2c 72 10 36 4a 5f 36 7 16 38 7 28 7 f 10
FIXUPS: 26a33 d 19 7 fffff5ba 39 a 7 1c 19 2c 13 13 b 6c 18 18 15 16 16
FIXUPS: 261e7 30 a 29 a d a 1c 16 17 16 17 16 17 16 32 fffff809 7 7 27
FIXUPS: 25bad 18 e 2b 1e 2e 7 c 15 15 15 15 18 17 4c 27 27 1c 54 de 6a
FIXUPS: 25f46 10 4d 16 10 10 3a fffff6a0 2d 2d 37 1a 19 c 98 c 45 42 42
FIXUPS: 258f7 3a 10 1e a 1a 2e 1d 1d c 30 1d 1d c 30 1d 1d c 30 26 fffff219
FIXUPS: 24d8f 69 4a 25 7 33 28 7 ea 2f 59 c 29 c 1c 1c 5b 1c 1d 16 2f 25
FIXUPS: 251c0 35 a 16 7 68 f 50 3ac ffffe806 e e e e 15 3f0 595 10 3c 10
FIXUPS: 248e9 23 23 27 2d 30 2d 2d 30 2d 2d 30 25 69 33 67 4d c 15 15 f
FIXUPS: 23cd5 e e e e e e e e e e e e e e e e e e e e e e e e e e e e e
FIXUPS: 23e79 e fffff501 3f e e e e e e e e 20 10 9e 6b d 5a 44 18 43 415
FIXUPS: 23afe 7 1c 92 4d 33 1e 1b 1c 29 b b ffffe935 1b 16 1f 16 1f 40
FIXUPS: 226d1 73 37 1af 9b 28 5e af 2c 1e2 1f aa 1c 2c 5d 5e 2de 1f 4b
FIXUPS: 2325d 10 47 3c 41 10 ffffed0d 38 12 7 aa 13 45 18 d 4a 2a 2a 1d
FIXUPS: 222cd 1a 1a d 45 1c 1d d 40 c d 6d 1c 63 1c 81 1c 48 13 fffff567
FIXUPS: 21b72 43 4c 34 1c 25 12 65 34 3a 6b 38 1b 24 7 7 22 3a 8 17 1f
FIXUPS: 21f12 26 10 38 12 7 29 22 30 2a fffff456 1f 16 d 16 10 45 2e a
FIXUPS: 21592 4b 67 4d 34 25 28 10 2f 19 45 19 41 b1 bc 81 33 31 d 3b d
FIXUPS: 21b21 2e fffff0b0 1c 30 2c 7 7 5c 62 8 50 13 41 20 1a 27 1c 10
FIXUPS: 20ebf 113 11c 10e a5 75 38 31 29 18 10 33 26 18 38 ffffefd8 31
FIXUPS: 204ae 20 27 a 10 34 d 71 2e a 19 43 ec d 51 6a 1e 31 47 31 a 25
FIXUPS: 20925 10 13 13 16 22 10 224 fffff1cd 7 7 7 7 d 34 e e e 19 6b e
FIXUPS: 1febb e 88 17 17 12 1f 1c 12 1b 1b 19 42 32 b7 c8 bd 81 b8 fffff45c
FIXUPS: 1f92b d0 34 61 26 f 26 f 1d 12 27 10 19 f 1f 52 2e 10 10 8c 74
FIXUPS: 1fd4e 7 7 7 7 7 7 7 7 7 fffff312 e e e e e e e e e e e 71 73 d
FIXUPS: 1f278 41 2b 24 ff 1b 5f d 44 22c 43 7 16 80 a d 10 fffff55d 1d
FIXUPS: 1ed8f 50 25 13 13 29 16 30 16 16 25 37 e e e e e e e e e e e e
FIXUPS: 1efd7 e 19 77 e e fffff88c f 12 25 19 10 23 10 10 42 2e a 19 4b
FIXUPS: 1eabd 60 21 d 47 2c 1a 1e 15 21 13 28 1a 1e 17 2b 2b 27 fffff326
FIXUPS: 1e072 73 e e e e 5c 24 19 a 13 11 16 12 20 43 17 12 35 78 d1 e7
FIXUPS: 1e5d5 8c 8e 38 31 27 a2 16 42 fffff092 42 c3 c6 80 63 38 31 c3
FIXUPS: 1dcfb 4e 2b 26 d 4a 13 19 22 85 1c 19 21 10 42 26 36 18 10 31 e
FIXUPS: 1e03d e fffff433 2a 8c 2c 11 55 67 7f 10 8 10 10 14 1c 12 1a 3fe77
FIXUPS: 5d5c2 fffc01af e e 19 39 e e 20 12 31 10 4f 26 18 fffff229 38 31
FIXUPS: 1cbb7 15 10 3d 13 19 a6 58 137 87 12 3a 18 34 13 19 19 b4 175 77
FIXUPS: 1d2b4 12 16 2e 70 34 3a 18 56 ffffefc2 2d 59 28 c 2f 69 5a 15 30
FIXUPS: 1c644 30 65 24 20 40e5a d e e c fffbf18d 4f 10 9a 12 1f 44 9 cd
FIXUPS: 1ca47 e 7e fffff421 22 42 46 415a7 b b c fffbea9f 47 47 47 47 47
FIXUPS: 1c192 2f 13 13 3a 13 13 3a 13 13 57 14 2a c d 55 1f 30 fffff516
FIXUPS: 1b916 7 7 7 7 10 60 29 34 33 16 85 7d 7f 3f 36 29 28 29 10 29 e
FIXUPS: 1bd59 61 e 32 47 1e b 39 22 fffff610 16 15 25 9b 1c 36 1a 17 18
FIXUPS: 1b686 37 58 53 20 5b 34 1f 7 7 7 7 7 7 7 7 38 1f 25 10 7 7 fffff75a
FIXUPS: 1b075 18 10 13 44 16 36 39 38 b8 10 13 16 13 27 2b 2b 13 16 13
FIXUPS: 1b386 24 1f 1f 10 16 1d 4b 18 18 17 ffffefb3 21 16f 174 cd 33 17a
FIXUPS: 1aa1b 11 2c 10 16 29 11 15 10 7b e 12 191 3b 10 16 2d 192 3e 10
FIXUPS: 1af8d 25 4b 2b 2a ffffecac 64 29 54 34 33 3d 32 31 3d 80 27 85
FIXUPS: 1a0d9 8b 10 31 e e e 44 33 2f 10 74 32 9 43 2e 78 1f 1b fffff2ec
FIXUPS: 19756 2f 1a 1e 17 33 2c 33 d a0 17 a9 17 122 45 22 46 1e 1a 10
FIXUPS: 19cab 7 7 7 7 7 7 7 7 7 7 fffff29f 16 13 16 24 22 16 10 4b 3f 1f
FIXUPS: 190fe 18 17 18 18 80 e4 18 81 1c 156 1c 92 15 2a a5 1c 22 40 2f
FIXUPS: 19725 fffff041 22 19 18 3a 40 43 22 31 28 f 111 16 e3 16 35 28
FIXUPS: 18c60 16 f 43 39 39 36 31 39 38 bf 10 4d 19 2a ffffe418 155 168
FIXUPS: 1779a c1 15c 45 38 31 2a 3f d 3f 41 163 157 15f 169 154 c0 15d
FIXUPS: 18493 38 31 2a 151 16 40 2c 15 13 2c ffffe467 2b 2a 2e 2f 33 35
FIXUPS: 16cde 14 10 28f e e 19 33 e e a5 51 d1 1f 1f 1f 1f 1f 3f 19 11
FIXUPS: 172f0 3b 1f 12 fffff38a 26 5c 23 f 34 3b 2e 22 4e 19 2f 7 31 7
FIXUPS: 1696f 38 f 16 19 f 10 3c 17 26 43 17 26 1c 38 17 24 ffffebae 32
FIXUPS: 1578b ac a7 66 d c8 3c 3d 39 233 53 2c 14 1b 1f1 99 61 da 35 89
FIXUPS: 16248 2b 2b 1fe d1 8e 19 f 72 f ffffed37 a d 34 39 10 44 10 2e
FIXUPS: 154ff e e e e e e e 21 19 36 e e e e e e e e 21 19 3e 20 ffffe9db
FIXUPS: 140e0 50 2f f 13 16 f 4a 8 e 33 16 629 6 13 57 71 17c 128 ab 3cb
FIXUPS: 1508b 18 22 5c 112 35 4c 2c 11 10 ffffe6ba a1 72 12 1f 1f 59 12
FIXUPS: 13ba8 1f 5c 12 1f 1f 1f ad d 157 d 19 25 b b 14 8d 22 19 2c 7 26
FIXUPS: 1405b 7 fffff369 1c 73 57 18 10 5c 26 31 33 22 12b 37 40 1b 1b
FIXUPS: 137c6 3d 1b 1b d 13 25 38 20 7 24 2e 27 7 26 f fffff4a8 e e e e
FIXUPS: 12e80 e e 16 1c 10 10 1b 63 45 32 30 60 47 28 47 47 2b 28 2e 5a
FIXUPS: 13279 2e 41 8f 1c 1c fffff88d 16 19 39 e e e e e e e e e e e e
FIXUPS: 12d5a e e e e e e e e e e e e e e e fffffc50 e e e e e e e e e
FIXUPS: 12b08 e e e e e e e e e e e e e e e e e e e e e fffff92a 1b 1a
FIXUPS: 125a8 1b 1f 41 18 1b 1a 1b 1b 1a 1b 1b 1a 1b 1b 1a 1b 1b 22 10e
FIXUPS: 1290c 46 46 46 33 33 e e e fffff699 19 64 3a 42 18 1b 1f 3e 18
FIXUPS: 122c3 1a 1b 1b 1f 3e 18 1b 1a 1b 1b 1a 1b 1b 1f 3e 18 1b 1a 1b
FIXUPS: 12523 1a ffffe9eb e9 11 10 46 2a 1a 61 1e 10 1ed 59 88 d 3d4 d
FIXUPS: 11965 a6 a3 93 81 3b 10 16f d 225 18 10 31 d 47 4f ffffe026 c 22
FIXUPS: 10331 e e e 10 3c e e e 17 3e 44 25 43 1f 18 e 35 285 f c1 f 26e
FIXUPS: 10b2d 78 f 60 16 2cf ffffd87f 140 13 237 b1 12f d6 14f 10 30 10
FIXUPS: ef87 10 997 20d 9e 86 102 17 19 41 18 4b 43 a8 47 c 3c 19 12 99
FIXUPS: 1007c ffffd5d8 a 7 10 16 23 1b 2b 2b 1e d a 30 1e d a 33 25d 64
FIXUPS: db41 275 13 43e 11f 13 32 171 6d 6e 72 6e 50 ffffec43 36 a 7 10
FIXUPS: d3b0 a 10 3b 14 28 17 13 22 22 1a 10 39 7 13 d 21 43 7 7 7 13 10
FIXUPS: d604 a 7 10 fffff634 34 96 16 34 93 a7 10 30 10 41 97 1a 2c 82
FIXUPS: d0a9 28 4f 19 80 b 2c 2f 2b 32 6 24 43 7 d a 13 ffffddcf 32 af
FIXUPS: b1e9 32 8f 27f 2d b6 18d 2d b1 67a 7c d0 7e 4a8 7c 4d 1e 1e d 3e
FIXUPS: c754 ee 9e 19 71 fc 1af 20 d ffffd6ae 7 20 76 e2 66 19 25 4b 57
FIXUPS: a612 5e 236 13 83 2b 1d6 28 d 17 32 1a5 19 29 13 19 1c 48 10b 1c
FIXUPS: af8b af ffffe901 3f 4e 1f 45 1c 62 1f a1 1f 39 ff 31 15f f1 8 10
FIXUPS: 9f9a 10 24 1d 9 17 15 ba 1e 16 138 46 26 2d a ffffed82 46 21 e
FIXUPS: 9101 11 1f 44 7 34 a 7 1c 35 b b b 1d 289 32 22 35 30 b b b 1d
FIXUPS: 975d 32 22 35 2c fffff0ff 7 1f 5d 8d 8d 72 77 52 1f bb 21 b 2f
FIXUPS: 8d4d 26 c3 9b 39 18 f f 11 27 10 a d 35 36 1b a d fffff3dc 31 15
FIXUPS: 8474 16 16 16 e 9c 37 d 22 26 1e b 24 24 41 43 25 26 1b 27 b 20
FIXUPS: 87bc 3b d 22 2d 1a 43 fffff01b d6 81 81 81 81 31 232 1f b0 1c 2f
FIXUPS: 7fc7 11d 2e 59 13 13 13 13 13 e 7c 49 1f 3d 15 16 16 16 16 e ffffe860
FIXUPS: 6bf6 e 1c 37 38 5a b6 1f 96 1f 34 19d 33 a5 1db a5 c1 1f 184 1c
FIXUPS: 767d 1c 3e 13 5a 6b 56 1f 2d 13 4b ffffefbb 1f 1e 1a 1a 1a 1a 29
FIXUPS: 694d a 15 a 15 c b 15 a 15 a 15 c 21 a d 22 3b 46 c 3f 10 22 34
FIXUPS: 5d83 60 50 2f 68 23 4b 7 1f 39 10 a 22 31 10 1f 34 30 22 601 19
FIXUPS: 66e5 18 14 f 52 d 10 3b 43 1f 1f ffffec03 ad 1e1 d 1f 1f 45 1f
FIXUPS: 57aa 3d d 10 49 1d 14 51 7 1f 2c f9 3f 1c 37 1f 1f 66 1c 35 8 14e
FIXUPS: 5d3c 28 fffff22b 26 1b 14 14 d 2c 20 b 21 d 1b a d 22 96 1c 3a
FIXUPS: 5275 2c 29 e 1f 52 18 c 17 2d 31 7 1f 32 fffff496 125 12 b 21 13
FIXUPS: 4a58 b 1c 33 8 242 3e 20 6 5d 7 10 2f 4c d 10 a 1f 1f 20 10 e 21
FIXUPS: 4f20 a 1f fffff2f6 13 13 23 33 1f 3c 15 16 16 23 5c 1f 32 10 1f
FIXUPS: 447c e 42 50 30 e 42 42 42 32 27 29 29 27 1c8 6 fffff43a 69 1f
FIXUPS: 3de2 15 2e 52 41 1f 37 d 1f 4e 11 6 18 1a 1f 6 f f 19 4e 18 a 2f
FIXUPS: 4122 31 29 13 13 5f fffff0f6 2d 13 12 b 1c 82 8 1c7 54 10 28 41
FIXUPS: 3817 10 169 1c 64 1c b9 19 13 4b 1f 3c d 22 81 1f 33 15 16 ffffe68c
FIXUPS: 2383 30 d 436 13 6c 1c 64 1c 8c 1c 64 1c be 1c 5a 1c 6c 1c 307
FIXUPS: 2f34 51 1c 13d 1f 37 13 12 b 1c ac ffffeba3 2a 5 d 51 d 35 10 30
FIXUPS: 1eeb 2e 5 d 33 d 33 10 30 d 99 3a d6 22 4e 22 34 22 25 22 2b 19
FIXUPS: 233e 3a86f 1e 7 1a 74 fffc4e39 d 2c 11 19 25 23 1b 2a d 3b d 2b
FIXUPS: 1c16 55 2e 11 d 22 d 34 11 24 10 2a d 2c 3a88a 10 25 71 1d 51 26
FIXUPS: 3c7a5 87 52 18 3b 22 18 4c 28 26 2e 23 f 13 49 a 22 17 8 8 2c 3e
FIXUPS: 3cb3b 1e b fffff68d 29 2f 35 b 14 1c 36 2a 38 12 12 24 a 43 40
FIXUPS: 3c45b 24 12 2b 13 10 f f 12 1a 2151e c c b fffdeb0c 22 fffff8d6
FIXUPS: 3be88 f f 3a b5 2a 37 17 f 7 7 7 7 7 7 2b 17 12 1a 21963 c b fffde6b0
FIXUPS: 3c106 15 19 16 2a 38 1a 1e fffff8d5 12 37 27 7 7 7 7 7 7 7 12 1a
FIXUPS: 5d9c7 c b fffde1f0 15 6c 20 d3 2f 27 7 1e 18 1a 21c08 b fffde41c
FIXUPS: 3be42 13 fffff918 24 2b 17 f 12 1a 22189 c c b fffdde8b 15 12 29
FIXUPS: 3b8aa 49 14 c0 8 b 12 28 21 2c 27 7 7 7 7 7 7 fffff830 22695 b
FIXUPS: 3b319 11 69 20 13 10 25 10 8c 11 13 33 21 15 19 16 61 f 2c 2c 43
FIXUPS: 3b665 c c 3a 34 20 22 1e fffff859 19 16 1f 15 3f c 1f 3a 41 29
FIXUPS: 3b128 7 24 2b 17 f 12 1a 22777 c c b fffdd894 21 21 22 2b 7 10
FIXUPS: 3b2b6 12 fffff87a 22db5 c c b fffdd272 15 4a 1e 15 24 22ce2 b fffdd348
FIXUPS: 3aca2 23 55 ec 49 1c 36 b b e e e e 10 32 d 30 21 fffff791 20 11
FIXUPS: 3a7ac 23128 b fffdcf08 35 35 d 30 21 13 19 16 1b 15 4d c c 38 47
FIXUPS: 3aa44 5a 7 7 7 12 2b 17 f 12 fffff609 26 49 15 1b 24 c 160 be 3e
FIXUPS: 3a484 29 3e 7 7 24 2b 17 f f 12 1a 232ee c c c b fffdcd36 15 e
FIXUPS: 3a672 5c 23175 c b fffdc5e4 24 13 19 16 2d c 1e 44 51 25 12 27
FIXUPS: 3a00f f 7 2b 17 f 12 1a 237c5 c c b fffdc844 21 13 19 fffff8e0
FIXUPS: 5d814 b fffdc218 da 30 d 30 24 15 19 16 1f 60 7 16 c c 3a 33 31
FIXUPS: 39d68 7 7 7 12 2b 17 f 12 1a 23a2b fffdbdbb 13 19 29 3e 24 21 f
FIXUPS: 396e0 2b 17 f 12 1a 2408a c c b fffdbfa8 15 e e e e c 20 37 43
FIXUPS: 39917 20 46 7 fffff855 38 38 2e 1a 22 a c c 1e d 15 22 25 15 22
FIXUPS: 39412 7 7 49 7 4e 27 32 7 7 2b 1a 1a 24243 b fffdbdfc fffff6b2
FIXUPS: 38caa 19 63 50 38 1a 1a 249c5 b fffdb65c 21 15 24 2f 35 33 1b 31
FIXUPS: 38f52 38 35 40 7 40 7 3a 7 4b 38 58 38 fffff726 1a 24e76 c b fffdb1c0
FIXUPS: 38943 16 2c 3b 4b 13 1c 7 17 1a 24d15 b fffdb30c 24 15 44 3e 24
FIXUPS: 38b92 2f 64 7 1b a c b fffff8fb 1e 4f 7 7 7 7 17 1a 250fa b fffdaf4c
FIXUPS: 38683 18 3b 24 3b 7 7 17 1a 24fc3 b fffdb07c 15 16 3f 23 48 7 7
FIXUPS: 388b5 905e 1c236 e fffe3e07 d 36 13 13 32 5 d 73 10 ffff67d0 20
FIXUPS: 382a3 1c 19 cf 15 28 3a 2b 28 7 17 1a 2524e b fffdadfc 15 18 8dce
FIXUPS: 41311 34 17 35 2b 56 23 22 4c 16 1b 2e 17 1c61d fffe3a2b 17 1f
FIXUPS: 415a3 d 32 10 72 1a 76 10 d6 10 35 38 6d 1f fffff511 10 2e 10 34
FIXUPS: 40e86 b1 7 c e b 10 e b 10 c c 27 c9 10 2e 10 34 10 6e 10 30 1a
FIXUPS: 41235 17 69 10 fffff667 3b d 33 1d f 10 76 8 49 1d 15 10 39 10
FIXUPS: 40ba9 10 68 a 18 17 21 1a 13 24 15 2f c 25 f 62 10 fffff840 11
FIXUPS: 40624 f 8 c 15 11 d 1b 14 10 3a c 11 11 f 35 17 f 1a 2e 20 25 18
FIXUPS: 40861 13 13 56 16 13 13 fffff7ca c 11 11 f 34 10 30 1a 37 17 39
FIXUPS: 40243 17 3e 17 39 17 62 c 12 b e 11 b 15 c 1b 17 142 64 44 fffff484
FIXUPS: 3fa8c f 1a 2e 20 25 18 37 d be 10 93 10 2f 1a 77 e 17 12d 6d 3b
FIXUPS: 3ffcb f f b 10 31 e 17 3e 17 fffff60b e e 15 20 15 10 f 10 36 10
FIXUPS: 3f7f2 10 d 2e 10 82 17 28 11 3a 38 c 12 b e 11 b 15 c 1b 17 fffff988
FIXUPS: 3f3db f f b 10 31 f f f 21 2e 12 36 f d 30 f f d 3d d 37 a 8 31
FIXUPS: 3f652 17 11 9 19 16 fffff920 21 32 e 17 3e 17 6a f d 32 7 c e b
FIXUPS: 3f193 e b 10 c c 27 36 10 33 10 35 18 34 17 43 20 1e767 fffe11c6
FIXUPS: 3ecc4 19 8 f 15 c 1a 1edc5 9 17 b fffe124e 10 40 14 10 3c c 10
FIXUPS: 3ee73 d 35 d 35 1e 3a 20 36 f f fffff86e 25 23 17 13 1a 1f 29 1f
FIXUPS: 3e943 21 1d 4b 13 1b 14 3f 16 d 4c 13 1b 14 3f 16 d 56 13 15 1a
FIXUPS: 5dac4 17 fffe06c2 1e 19 21 31 1c 98 50 f 39 16 16 31 15 5a 1f 1e
FIXUPS: 3e494 20 3c 33 1c 98 50 f 39 16 16 2d 1f 111 1a fffff4af 3b 20
FIXUPS: 3dd32 67 15 1f 16 10 35 1f 2b 8 15 1a 9 15 e 3b 29 1c 9f 50 f 30
FIXUPS: 3e099 21 23 18 1b 10 5e fffff52f 15 18 1b 16 15 ae 21 1c 9f 50
FIXUPS: 3d913 20 2f 60 47 25 e 22 1c 14 e 37 34 34 37 37 50 25 41 12 3e
FIXUPS: 3d173 16 15 17 208f5 b fffdf753 23 b 33 19 4d 1c 28 1f 1c 5c 90
FIXUPS: 3d462 22 52 3a 15 18 19 6f 22 25 61 13 f f fffff5f0 7a 17 1f d
FIXUPS: 3cd74 63 e 11 9c 1d 28 f f d 2c 1b f 20 20afc c c b fffdf514 8a
FIXUPS: 3d052 1d 40 10 57 1f 1f
